Component: ARM Compiler 5.06 update 7 (build 960) Tool: armlink [4d3601]

==============================================================================

Section Cross References

    main.o(i.BSP_Init) refers to led.o(i.LED_Init) for LED_Init
    main.o(i.BSP_Init) refers to laser.o(i.Laser_Init) for Laser_Init
    main.o(i.BSP_Init) refers to dr16.o(i.DR16_Init) for DR16_Init
    main.o(i.BSP_Init) refers to can.o(i.CAN12_Init) for CAN12_Init
    main.o(i.BSP_Init) refers to bmi088driver.o(i.BMI088_init) for BMI088_init
    main.o(i.BSP_Init) refers to tim6.o(i.TIM6_Init) for TIM6_Init
    main.o(i.BSP_Init) refers to beep.o(i.Beep_Init) for Beep_Init
    main.o(i.BSP_Init) refers to cover.o(i.Cover_Init) for Cover_Init
    main.o(i.BSP_Init) refers to nuc.o(i.NUC_Init) for NUC_Init
    main.o(i.BSP_Init) refers to referee.o(i.Referee_Init) for Referee_Init
    main.o(i.BSP_Init) refers to gimbal.o(i.Gimbal_Init) for Gimbal_Init
    main.o(i.BSP_Init) refers to chassis.o(i.Chassis_Init) for Chassis_Init
    main.o(i.BSP_Init) refers to shoot.o(i.Shoot_Init) for Shoot_Init
    main.o(i.BSP_Init) refers to rudder.o(i.Rudder_Init) for Rudder_Init
    main.o(i.main) refers to misc.o(i.NVIC_PriorityGroupConfig) for NVIC_PriorityGroupConfig
    main.o(i.main) refers to delay.o(i.delay_init) for delay_init
    main.o(i.main) refers to main.o(i.BSP_Init) for BSP_Init
    main.o(i.main) refers to task_init.o(i.Task_Init) for Task_Init
    system_stm32f4xx.o(i.SystemCoreClockUpdate) refers to system_stm32f4xx.o(.data) for SystemCoreClock
    system_stm32f4xx.o(i.SystemInit) refers to system_stm32f4xx.o(i.SetSysClock) for SetSysClock
    beep.o(i.Beep_Init) refers to stm32f4xx_rcc.o(i.RCC_APB1PeriphClockCmd) for RCC_APB1PeriphClockCmd
    beep.o(i.Beep_Init) refers to stm32f4xx_rcc.o(i.RCC_AHB1PeriphClockCmd) for RCC_AHB1PeriphClockCmd
    beep.o(i.Beep_Init) refers to stm32f4xx_gpio.o(i.GPIO_PinAFConfig) for GPIO_PinAFConfig
    beep.o(i.Beep_Init) refers to stm32f4xx_gpio.o(i.GPIO_Init) for GPIO_Init
    beep.o(i.Beep_Init) refers to stm32f4xx_tim.o(i.TIM_TimeBaseInit) for TIM_TimeBaseInit
    beep.o(i.Beep_Init) refers to stm32f4xx_tim.o(i.TIM_OC3Init) for TIM_OC3Init
    beep.o(i.Beep_Init) refers to stm32f4xx_tim.o(i.TIM_OC3PreloadConfig) for TIM_OC3PreloadConfig
    beep.o(i.Beep_Init) refers to stm32f4xx_tim.o(i.TIM_ARRPreloadConfig) for TIM_ARRPreloadConfig
    beep.o(i.Beep_Init) refers to stm32f4xx_tim.o(i.TIM_Cmd) for TIM_Cmd
    bmi088.o(i.BMI088_SPI_Init) refers to stm32f4xx_rcc.o(i.RCC_AHB1PeriphClockCmd) for RCC_AHB1PeriphClockCmd
    bmi088.o(i.BMI088_SPI_Init) refers to stm32f4xx_rcc.o(i.RCC_APB2PeriphClockCmd) for RCC_APB2PeriphClockCmd
    bmi088.o(i.BMI088_SPI_Init) refers to stm32f4xx_gpio.o(i.GPIO_Init) for GPIO_Init
    bmi088.o(i.BMI088_SPI_Init) refers to stm32f4xx_gpio.o(i.GPIO_SetBits) for GPIO_SetBits
    bmi088.o(i.BMI088_SPI_Init) refers to stm32f4xx_gpio.o(i.GPIO_PinAFConfig) for GPIO_PinAFConfig
    bmi088.o(i.BMI088_SPI_Init) refers to stm32f4xx_rcc.o(i.RCC_APB2PeriphResetCmd) for RCC_APB2PeriphResetCmd
    bmi088.o(i.BMI088_SPI_Init) refers to stm32f4xx_spi.o(i.SPI_Init) for SPI_Init
    bmi088.o(i.BMI088_SPI_Init) refers to stm32f4xx_spi.o(i.SPI_Cmd) for SPI_Cmd
    bmi088driver.o(i.BMI088_ACCEL_NS_H) refers to stm32f4xx_gpio.o(i.GPIO_SetBits) for GPIO_SetBits
    bmi088driver.o(i.BMI088_ACCEL_NS_L) refers to stm32f4xx_gpio.o(i.GPIO_ResetBits) for GPIO_ResetBits
    bmi088driver.o(i.BMI088_GYRO_NS_H) refers to stm32f4xx_gpio.o(i.GPIO_SetBits) for GPIO_SetBits
    bmi088driver.o(i.BMI088_GYRO_NS_L) refers to stm32f4xx_gpio.o(i.GPIO_ResetBits) for GPIO_ResetBits
    bmi088driver.o(i.BMI088_Get_Data) refers to bmi088driver.o(i.BMI088_ACCEL_NS_L) for BMI088_ACCEL_NS_L
    bmi088driver.o(i.BMI088_Get_Data) refers to bmi088driver.o(i.BMI088_read_write_byte) for BMI088_read_write_byte
    bmi088driver.o(i.BMI088_Get_Data) refers to bmi088driver.o(i.BMI088_read_muli_reg) for BMI088_read_muli_reg
    bmi088driver.o(i.BMI088_Get_Data) refers to bmi088driver.o(i.BMI088_ACCEL_NS_H) for BMI088_ACCEL_NS_H
    bmi088driver.o(i.BMI088_Get_Data) refers to bmi088driver.o(i.BMI088_GYRO_NS_L) for BMI088_GYRO_NS_L
    bmi088driver.o(i.BMI088_Get_Data) refers to bmi088driver.o(i.BMI088_GYRO_NS_H) for BMI088_GYRO_NS_H
    bmi088driver.o(i.BMI088_Get_Data) refers to imu.o(.bss) for mpu_data
    bmi088driver.o(i.BMI088_Get_Data) refers to bmi088driver.o(.data) for BMI088_GYRO_SEN
    bmi088driver.o(i.BMI088_Offset_Cali) refers to bmi088driver.o(i.BMI088_ACCEL_NS_L) for BMI088_ACCEL_NS_L
    bmi088driver.o(i.BMI088_Offset_Cali) refers to bmi088driver.o(i.BMI088_read_write_byte) for BMI088_read_write_byte
    bmi088driver.o(i.BMI088_Offset_Cali) refers to bmi088driver.o(i.BMI088_read_muli_reg) for BMI088_read_muli_reg
    bmi088driver.o(i.BMI088_Offset_Cali) refers to bmi088driver.o(i.BMI088_ACCEL_NS_H) for BMI088_ACCEL_NS_H
[...]
    _sys_exit                                0x08009477   Thumb Code     4  usart.o(i._sys_exit)
    atan                                     0x0800947b   Thumb Code    16  atan.o(i.atan)
    bit8TObit16                              0x0800948b   Thumb Code    22  referee_info.o(i.bit8TObit16)
    bmi088_accel_init                        0x080094c1   Thumb Code   290  bmi088driver.o(i.bmi088_accel_init)
    bmi088_gyro_init                         0x080095e9   Thumb Code   238  bmi088driver.o(i.bmi088_gyro_init)
    can_send_task                            0x080096dd   Thumb Code    74  can_send_task.o(i.can_send_task)
    can_send_task_create                     0x0800972d   Thumb Code    26  can_send_task.o(i.can_send_task_create)
    chassis_task                             0x08009761   Thumb Code   404  chassis_task.o(i.chassis_task)
    chassis_task_create                      0x08009929   Thumb Code    26  chassis_task.o(i.chassis_task_create)
    delay_init                               0x0800995d   Thumb Code    58  delay.o(i.delay_init)
    delay_ms                                 0x080099a1   Thumb Code    62  delay.o(i.delay_ms)
    delay_us                                 0x080099e5   Thumb Code    68  delay.o(i.delay_us)
    delay_xms                                0x08009a2d   Thumb Code    24  delay.o(i.delay_xms)
    fabs                                     0x08009a45   Thumb Code    24  fabs.o(i.fabs)
    gimbal_task                              0x08009a5d   Thumb Code    90  gimbal_task.o(i.gimbal_task)
    gimbal_task_create                       0x08009ac1   Thumb Code    26  gimbal_task.o(i.gimbal_task_create)
    imu_task                                 0x08009af1   Thumb Code    34  imu_task.o(i.imu_task)
    imu_task_create                          0x08009b15   Thumb Code    26  imu_task.o(i.imu_task_create)
    inv_sqrt                                 0x08009b45   Thumb Code    48  imu.o(i.inv_sqrt)
    led_task                                 0x08009b79   Thumb Code    96  led_task.o(i.led_task)
    led_task_create                          0x08009bd9   Thumb Code    24  led_task.o(i.led_task_create)
    main                                     0x08009c05   Thumb Code    28  main.o(i.main)
    mode_task                                0x08009c21   Thumb Code   132  mode_task.o(i.mode_task)
    mode_task_create                         0x08009cc1   Thumb Code    26  mode_task.o(i.mode_task_create)
    nuc_task                                 0x08009cf1   Thumb Code    26  nuc_task.o(i.nuc_task)
    nuc_task_create                          0x08009d0d   Thumb Code    26  nuc_task.o(i.nuc_task_create)
    pvPortMalloc                             0x0800a70d   Thumb Code   296  heap_4.o(i.pvPortMalloc)
    pvTaskIncrementMutexHeldCount            0x0800a849   Thumb Code    26  tasks.o(i.pvTaskIncrementMutexHeldCount)
    pxPortInitialiseStack                    0x0800a869   Thumb Code    38  port.o(i.pxPortInitialiseStack)
    ramp_calc                                0x0800a895   Thumb Code    58  ramp.o(i.ramp_calc)
    ramp_init                                0x0800a8d5   Thumb Code     8  ramp.o(i.ramp_init)
    referee_data_pack_handle                 0x0800a8dd   Thumb Code   158  referee.o(i.referee_data_pack_handle)
    shoot_task                               0x0800a985   Thumb Code    64  shoot_task.o(i.shoot_task)
    shoot_task_create                        0x0800a9cd   Thumb Code    24  shoot_task.o(i.shoot_task_create)
    sqrt                                     0x0800a9f9   Thumb Code   110  sqrt.o(i.sqrt)
    start_task                               0x0800aa69   Thumb Code    68  task_init.o(i.start_task)
    start_task_create                        0x0800aab5   Thumb Code    28  task_init.o(i.start_task_create)
    supercap_task                            0x0800aae5   Thumb Code    32  supercap_task.o(i.supercap_task)
    supercap_task_create                     0x0800ab09   Thumb Code    24  supercap_task.o(i.supercap_task_create)
    ui_task                                  0x0800ab39   Thumb Code    14  ui_task.o(i.ui_task)
    ui_task_create                           0x0800ab49   Thumb Code    24  ui_task.o(i.ui_task_create)
    uxListRemove                             0x0800ab71   Thumb Code    40  list.o(i.uxListRemove)
    uxTaskResetEventItemValue                0x0800ab99   Thumb Code    24  tasks.o(i.uxTaskResetEventItemValue)
    vListInitialise                          0x0800abb5   Thumb Code    26  list.o(i.vListInitialise)
    vListInitialiseItem                      0x0800abcf   Thumb Code     6  list.o(i.vListInitialiseItem)
    vListInsert                              0x0800abd5   Thumb Code    52  list.o(i.vListInsert)
    vListInsertEnd                           0x0800ac09   Thumb Code    24  list.o(i.vListInsertEnd)
    vPortEnterCritical                       0x0800ac21   Thumb Code    76  port.o(i.vPortEnterCritical)
    vPortExitCritical                        0x0800ac75   Thumb Code    56  port.o(i.vPortExitCritical)
    vPortFree                                0x0800acb1   Thumb Code   140  heap_4.o(i.vPortFree)
    vPortSetupTimerInterrupt                 0x0800ad45   Thumb Code    26  port.o(i.vPortSetupTimerInterrupt)
    vPortValidateInterruptPriority           0x0800ad65   Thumb Code   106  port.o(i.vPortValidateInterruptPriority)
    vQueueAddToRegistry                      0x0800addd   Thumb Code    38  queue.o(i.vQueueAddToRegistry)
    vQueueWaitForMessageRestricted           0x0800ae09   Thumb Code    74  queue.o(i.vQueueWaitForMessageRestricted)
    vTaskDelay                               0x0800ae55   Thumb Code    82  tasks.o(i.vTaskDelay)
    vTaskDelayUntil                          0x0800aeb1   Thumb Code   200  tasks.o(i.vTaskDelayUntil)
    vTaskDelete                              0x0800af85   Thumb Code   202  tasks.o(i.vTaskDelete)
    vTaskMissedYield                         0x0800b079   Thumb Code     8  tasks.o(i.vTaskMissedYield)
    vTaskPlaceOnEventList                    0x0800b085   Thumb Code    52  tasks.o(i.vTaskPlaceOnEventList)
    vTaskPlaceOnEventListRestricted          0x0800b0bd   Thumb Code    60  tasks.o(i.vTaskPlaceOnEventListRestricted)
    vTaskPlaceOnUnorderedEventList           0x0800b0fd   Thumb Code   100  tasks.o(i.vTaskPlaceOnUnorderedEventList)
    vTaskPriorityInherit                     0x0800b169   Thumb Code   164  tasks.o(i.vTaskPriorityInherit)
    vTaskSetTimeOutState                     0x0800b219   Thumb Code    38  tasks.o(i.vTaskSetTimeOutState)
    vTaskStartScheduler                      0x0800b249   Thumb Code   118  tasks.o(i.vTaskStartScheduler)
    vTaskSuspendAll                          0x0800b2dd   Thumb Code    12  tasks.o(i.vTaskSuspendAll)
    vTaskSwitchContext                       0x0800b2ed   Thumb Code   118  tasks.o(i.vTaskSwitchContext)
    xEventGroupCreate                        0x0800b379   Thumb Code    26  event_groups.o(i.xEventGroupCreate)
    xEventGroupSetBits                       0x0800b393   Thumb Code   206  event_groups.o(i.xEventGroupSetBits)
    xEventGroupWaitBits                      0x0800b461   Thumb Code   334  event_groups.o(i.xEventGroupWaitBits)
    xPortStartScheduler                      0x0800b5b5   Thumb Code   288  port.o(i.xPortStartScheduler)
    xPortSysTickHandler                      0x0800b6f1   Thumb Code    46  port.o(i.xPortSysTickHandler)
    xQueueGenericCreate                      0x0800b725   Thumb Code    88  queue.o(i.xQueueGenericCreate)
    xQueueGenericReceive                     0x0800b77d   Thumb Code   446  queue.o(i.xQueueGenericReceive)
    xQueueGenericReset                       0x0800b941   Thumb Code   146  queue.o(i.xQueueGenericReset)
    xQueueGenericSend                        0x0800b9d9   Thumb Code   420  queue.o(i.xQueueGenericSend)
    xQueueGenericSendFromISR                 0x0800bb81   Thumb Code   248  queue.o(i.xQueueGenericSendFromISR)
    xTaskCheckForTimeOut                     0x0800bc79   Thumb Code   132  tasks.o(i.xTaskCheckForTimeOut)
    xTaskCreate                              0x0800bd05   Thumb Code    96  tasks.o(i.xTaskCreate)
    xTaskGetSchedulerState                   0x0800bd65   Thumb Code    24  tasks.o(i.xTaskGetSchedulerState)
    xTaskGetTickCount                        0x0800bd85   Thumb Code     6  tasks.o(i.xTaskGetTickCount)
    xTaskIncrementTick                       0x0800bd91   Thumb Code   282  tasks.o(i.xTaskIncrementTick)
    xTaskPriorityDisinherit                  0x0800bed9   Thumb Code   188  tasks.o(i.xTaskPriorityDisinherit)
    xTaskRemoveFromEventList                 0x0800bfa1   Thumb Code   128  tasks.o(i.xTaskRemoveFromEventList)
    xTaskRemoveFromUnorderedEventList        0x0800c039   Thumb Code   154  tasks.o(i.xTaskRemoveFromUnorderedEventList)
    xTaskResumeAll                           0x0800c0e9   Thumb Code   224  tasks.o(i.xTaskResumeAll)
    xTimerCreateTimerTask                    0x0800c1ed   Thumb Code    66  timers.o(i.xTimerCreateTimerTask)
    xTimerGenericCommand                     0x0800c245   Thumb Code   128  timers.o(i.xTimerGenericCommand)
    _get_lc_numeric                          0x0800c2c9   Thumb Code    44  lc_numeric_c.o(locale$$code)
    __aeabi_dneg                             0x0800c2f5   Thumb Code     0  basic.o(x$fpl$basic)
    _dneg                                    0x0800c2f5   Thumb Code     6  basic.o(x$fpl$basic)
    __aeabi_fneg                             0x0800c2fb   Thumb Code     0  basic.o(x$fpl$basic)
    _fneg                                    0x0800c2fb   Thumb Code     6  basic.o(x$fpl$basic)
    _dabs                                    0x0800c301   Thumb Code     6  basic.o(x$fpl$basic)
    _fabs                                    0x0800c307   Thumb Code     6  basic.o(x$fpl$basic)
    __aeabi_d2f                              0x0800c30d   Thumb Code     0  d2f.o(x$fpl$d2f)
    _d2f                                     0x0800c30d   Thumb Code    98  d2f.o(x$fpl$d2f)
    __aeabi_dadd                             0x0800c371   Thumb Code     0  daddsub_clz.o(x$fpl$dadd)
    _dadd                                    0x0800c371   Thumb Code   332  daddsub_clz.o(x$fpl$dadd)
    __fpl_dcmp_Inf                           0x0800c4c1   Thumb Code    24  dcmpi.o(x$fpl$dcmpinf)
    __aeabi_ddiv                             0x0800c4d9   Thumb Code     0  ddiv.o(x$fpl$ddiv)
    _ddiv                                    0x0800c4d9   Thumb Code   552  ddiv.o(x$fpl$ddiv)
    __aeabi_cdcmpeq                          0x0800c789   Thumb Code     0  deqf.o(x$fpl$deqf)
    _dcmpeq                                  0x0800c789   Thumb Code   120  deqf.o(x$fpl$deqf)
    __aeabi_d2iz                             0x0800c801   Thumb Code     0  dfix.o(x$fpl$dfix)
    _dfix                                    0x0800c801   Thumb Code    94  dfix.o(x$fpl$dfix)
    __aeabi_i2d                              0x0800c85f   Thumb Code     0  dflt_clz.o(x$fpl$dflt)
    _dflt                                    0x0800c85f   Thumb Code    46  dflt_clz.o(x$fpl$dflt)
    __aeabi_ui2d                             0x0800c88d   Thumb Code     0  dflt_clz.o(x$fpl$dfltu)
    _dfltu                                   0x0800c88d   Thumb Code    38  dflt_clz.o(x$fpl$dfltu)
    __aeabi_cdcmple                          0x0800c8b5   Thumb Code     0  dleqf.o(x$fpl$dleqf)
    _dcmple                                  0x0800c8b5   Thumb Code   120  dleqf.o(x$fpl$dleqf)
    __fpl_dcmple_InfNaN                      0x0800c917   Thumb Code     0  dleqf.o(x$fpl$dleqf)
    __aeabi_dmul                             0x0800c92d   Thumb Code     0  dmul.o(x$fpl$dmul)
    _dmul                                    0x0800c92d   Thumb Code   332  dmul.o(x$fpl$dmul)
    __fpl_dnaninf                            0x0800ca81   Thumb Code   156  dnaninf.o(x$fpl$dnaninf)
    __fpl_dretinf                            0x0800cb1d   Thumb Code    12  dretinf.o(x$fpl$dretinf)
    __aeabi_cdrcmple                         0x0800cb29   Thumb Code     0  drleqf.o(x$fpl$drleqf)
    _drcmple                                 0x0800cb29   Thumb Code   108  drleqf.o(x$fpl$drleqf)
    __aeabi_drsub                            0x0800cb95   Thumb Code     0  daddsub_clz.o(x$fpl$drsb)
    _drsb                                    0x0800cb95   Thumb Code    22  daddsub_clz.o(x$fpl$drsb)
    _dsqrt                                   0x0800cbad   Thumb Code   404  dsqrt_umaal.o(x$fpl$dsqrt)
    __aeabi_dsub                             0x0800cd45   Thumb Code     0  daddsub_clz.o(x$fpl$dsub)
    _dsub                                    0x0800cd45   Thumb Code   464  daddsub_clz.o(x$fpl$dsub)
    __aeabi_f2d                              0x0800cf19   Thumb Code     0  f2d.o(x$fpl$f2d)
    _f2d                                     0x0800cf19   Thumb Code    86  f2d.o(x$fpl$f2d)
    __fpl_fnaninf                            0x0800cf6f   Thumb Code   140  fnaninf.o(x$fpl$fnaninf)
    _fp_init                                 0x0800cffb   Thumb Code    10  fpinit.o(x$fpl$fpinit)
    __fplib_config_fpu_vfp                   0x0800d003   Thumb Code     0  fpinit.o(x$fpl$fpinit)
    __fplib_config_pureend_doubles           0x0800d003   Thumb Code     0  fpinit.o(x$fpl$fpinit)
    __fpl_fretinf                            0x0800d005   Thumb Code    10  fretinf.o(x$fpl$fretinf)
    _printf_fp_dec                           0x0800d00f   Thumb Code     4  printf1.o(x$fpl$printf1)
    CRC8_INIT                                0x0800d012   Data           1  crc.o(.constdata)
    __I$use$fp                               0x0800d012   Number         0  usenofp.o(x$fpl$usenofp)
    CRC8_TAB                                 0x0800d013   Data         256  crc.o(.constdata)
    wCRC_Table                               0x0800d114   Data         512  crc.o(.constdata)
    __mathlib_zero                           0x0800d430   Data           8  qnan.o(.constdata)
    Region$$Table$$Base                      0x0800d5bc   Number         0  anon$$obj.o(Region$$Table)
    Region$$Table$$Limit                     0x0800d5dc   Number         0  anon$$obj.o(Region$$Table)
    SystemCoreClock                          0x20000000   Data           4  system_stm32f4xx.o(.data)
    AHBPrescTable                            0x20000004   Data          16  system_stm32f4xx.o(.data)
    BMI088_ACCEL_SEN                         0x20000014   Data           4  bmi088driver.o(.data)
    BMI088_GYRO_SEN                          0x20000018   Data           4  bmi088driver.o(.data)
    CAN1_Signal                              0x20000040   Data           4  can_handle.o(.data)
    CAN2_Signal                              0x20000044   Data           4  can_handle.o(.data)
    SuperCap_Signal                          0x20000048   Data           4  can_handle.o(.data)
    CAN1_Tx_Message_Flag                     0x2000004c   Data           1  can_handle.o(.data)
    CAN2_Tx_Message_Flag                     0x2000004d   Data           1  can_handle.o(.data)
    power_relay                              0x20000050   Data           4  can_handle.o(.data)
    power_flag                               0x20000054   Data           4  can_handle.o(.data)
    CRC_INIT                                 0x20000064   Data           2  crc.o(.data)
    Sendor_ID                                0x20000068   Data           4  custom_ui.o(.data)
    Receiver_ID                              0x2000006c   Data           4  custom_ui.o(.data)
    Send_Once_Flag                           0x20000070   Data           1  custom_ui.o(.data)
    DR16_Signal                              0x20000074   Data           4  dr16.o(.data)
    Angle_Last                               0x20000078   Data           2  gimbal.o(.data)
    Init_Angle                               0x2000007a   Data           2  gimbal.o(.data)
    Origin_Init_Yaw_Angle                    0x2000007c   Data           2  gimbal.o(.data)
    Origin_Init_Pitch_Angle                  0x2000007e   Data           2  gimbal.o(.data)
    q0                                       0x20000080   Data           4  imu.o(.data)
    q1                                       0x20000084   Data           4  imu.o(.data)
    q2                                       0x20000088   Data           4  imu.o(.data)
    q3                                       0x2000008c   Data           4  imu.o(.data)
    exInt                                    0x20000090   Data           4  imu.o(.data)
    eyInt                                    0x20000094   Data           4  imu.o(.data)
    ezInt                                    0x20000098   Data           4  imu.o(.data)
    last_update                              0x200000c0   Data           4  imu.o(.data)
    now_update                               0x200000c4   Data           4  imu.o(.data)
    ist_buff                                 0x200000d8   Data           6  imu.o(.data)
    Pitch_Angle_NUC                          0x200000e0   Data           4  nuc.o(.data)
    Yaw_Angle_NUC                            0x200000e4   Data           4  nuc.o(.data)
    Roll_Angle_NUC                           0x200000e8   Data           4  nuc.o(.data)
    buff_data                                0x200000ed   Data           1  referee_info.o(.data)
    real_shoot_data                          0x200000ee   Data           7  referee_info.o(.data)
    bullet_remaining                         0x200000f5   Data           6  referee_info.o(.data)
    imu_tick_counts                          0x200000fc   Data           4  tim6.o(.data)
    Yaw_Angle                                0x20000100   Data           4  tim6.o(.data)
    g_z                                      0x20000104   Data           4  tim6.o(.data)
    yaw_angle                                0x20000108   Data           4  tim6.o(.data)
    pxCurrentTCB                             0x20000120   Data           4  tasks.o(.data)
    StartTask_Handler                        0x20000194   Data           4  task_init.o(.data)
    EventGroupHandler                        0x20000198   Data           4  task_init.o(.data)
    CAN_SEND_Task_Handler                    0x2000019c   Data           4  can_send_task.o(.data)
    CHASSIS_Task_Handler                     0x200001a0   Data           4  chassis_task.o(.data)
    Chassis_Mode                             0x200001a4   Data           1  chassis_task.o(.data)
    Super_Allow_Flag                         0x200001a8   Data           4  chassis_task.o(.data)
    time_delay                               0x200001ac   Data           4  chassis_task.o(.data)
    Init_Dir                                 0x200001b0   Data           4  chassis_task.o(.data)
    Chassis_Rotate_Base_Speed                0x200001b4   Data           4  chassis_task.o(.data)
    GIMBAL_Task_Handler                      0x200001c8   Data           4  gimbal_task.o(.data)
    Gimbal_Mode                              0x200001cc   Data           1  gimbal_task.o(.data)
    Yaw_Aim_Angle                            0x200001d0   Data           4  gimbal_task.o(.data)
    Pitch_Aim_Angle                          0x200001d4   Data           4  gimbal_task.o(.data)
    Pitch_Angle_Max                          0x200001d8   Data           4  gimbal_task.o(.data)
    Pitch_Angle_Min                          0x200001dc   Data           4  gimbal_task.o(.data)
    IMU_Task_Handler                         0x200001e0   Data           4  imu_task.o(.data)
    LED_Task_Handler                         0x200001e4   Data           4  led_task.o(.data)
    MODE_Task_Handler                        0x200001e8   Data           4  mode_task.o(.data)
    fb_ramp                                  0x200001ec   Data          20  mode_task.o(.data)
    lr_ramp                                  0x20000200   Data          20  mode_task.o(.data)
    rotate_ramp                              0x20000214   Data          20  mode_task.o(.data)
    slow_ramp                                0x20000228   Data          20  mode_task.o(.data)
    close_ramp                               0x2000023c   Data          20  mode_task.o(.data)
    slow_fb_ramp                             0x20000250   Data          20  mode_task.o(.data)
    slow_rl_ramp                             0x20000264   Data          20  mode_task.o(.data)
    Cover_Open_Flag                          0x20000278   Data           4  mode_task.o(.data)
    Shoot_Run_Flag                           0x2000027c   Data           4  mode_task.o(.data)
    Chassis_Rotate_Flag                      0x20000280   Data           4  mode_task.o(.data)
    Chassis_Status                           0x20000284   Data           1  mode_task.o(.data)
    Cover_Ready_Flag                         0x20000288   Data           4  mode_task.o(.data)
    Trig_Time                                0x2000028c   Data           4  mode_task.o(.data)
    Switch_Left_Last                         0x20000290   Data           4  mode_task.o(.data)
    Shoot_Once_Flag                          0x20000294   Data           4  mode_task.o(.data)
    Shoot_Aim_Angle                          0x20000298   Data           4  mode_task.o(.data)
    Shoot_Angle_Bullet                       0x2000029c   Data           4  mode_task.o(.data)
    NUC_Task_Handler                         0x200002a8   Data           4  nuc_task.o(.data)
    Shoot_Mode                               0x200002ac   Data           1  shoot_task.o(.data)
    Shoot_Cmd                                0x200002ad   Data           1  shoot_task.o(.data)
    SHOOT_Task_Handler                       0x200002b0   Data           4  shoot_task.o(.data)
    shoot_speed_get                          0x200002b4   Data           4  shoot_task.o(.data)
    Shoot_Speed                              0x200002b8   Data           4  shoot_task.o(.data)
    shoot_bullet_speed                       0x200002bc   Data           4  shoot_task.o(.data)
    SUPERCAP_Task_Handler                    0x200002c8   Data           4  supercap_task.o(.data)
    UI_Task_Handler                          0x200002cc   Data           4  ui_task.o(.data)
    CAN_Chassis                              0x200002d0   Data          96  can_handle.o(.bss)
    CAN_Rudder                               0x20000330   Data          96  can_handle.o(.bss)
    CAN_Gimbal                               0x20000390   Data          48  can_handle.o(.bss)
    CAN_Shoot                                0x200003c0   Data          48  can_handle.o(.bss)
    CAN_Trigger                              0x200003f0   Data          24  can_handle.o(.bss)
    SuperCap_Info                            0x20000408   Data          24  can_handle.o(.bss)
    interger_one                             0x20000420   Data          21  custom_ui.o(.bss)
    float_one                                0x20000435   Data          21  custom_ui.o(.bss)
    character_one                            0x2000044a   Data          51  custom_ui.o(.bss)
    character_two                            0x2000047d   Data          51  custom_ui.o(.bss)
    character_three                          0x200004b0   Data          51  custom_ui.o(.bss)
    character_four                           0x200004e3   Data          51  custom_ui.o(.bss)
    character_five                           0x20000516   Data          51  custom_ui.o(.bss)
    character_six                            0x20000549   Data          51  custom_ui.o(.bss)
    line_one                                 0x2000057c   Data          21  custom_ui.o(.bss)
    line_two                                 0x20000591   Data          21  custom_ui.o(.bss)
    line_three                               0x200005a6   Data          21  custom_ui.o(.bss)
    line_four                                0x200005bb   Data          21  custom_ui.o(.bss)
    line_five                                0x200005d0   Data          21  custom_ui.o(.bss)
    line_six                                 0x200005e5   Data          21  custom_ui.o(.bss)
    line_seven                               0x200005fa   Data          21  custom_ui.o(.bss)
    line_eight                               0x2000060f   Data          21  custom_ui.o(.bss)
    line_nine                                0x20000624   Data          21  custom_ui.o(.bss)
    circle_one                               0x20000639   Data          21  custom_ui.o(.bss)
    char_one                                 0x2000064e   Data          30  custom_ui.o(.bss)
    char_two                                 0x2000066c   Data          30  custom_ui.o(.bss)
    char_three                               0x2000068a   Data          30  custom_ui.o(.bss)
    char_four                                0x200006a8   Data          30  custom_ui.o(.bss)
    char_five                                0x200006c6   Data          30  custom_ui.o(.bss)
    char_six                                 0x200006e4   Data          30  custom_ui.o(.bss)
    DBUS                                     0x20000726   Data          72  dr16.o(.bss)
    Angle_Init                               0x20000770   Data          16  gimbal.o(.bss)
    mpu_buff                                 0x20000780   Data          14  imu.o(.bss)
    mpu_data                                 0x2000078e   Data          32  imu.o(.bss)
    imu                                      0x200007b0   Data          52  imu.o(.bss)
    NUC_rx_buff                              0x200007e4   Data          14  nuc.o(.bss)
    NUC_tx_buff                              0x200007f2   Data          10  nuc.o(.bss)
    NUC_Data                                 0x200007fc   Data          16  nuc.o(.bss)
    PID_Chassis                              0x2000080c   Data         320  pid.o(.bss)
    PID_Rudder_Angle                         0x2000094c   Data         320  pid.o(.bss)
    PID_Rudder_Speed                         0x20000a8c   Data         320  pid.o(.bss)
    PID_Gimbal_Angle                         0x20000bcc   Data         160  pid.o(.bss)
    PID_Gimbal_Speed                         0x20000c6c   Data         160  pid.o(.bss)
    PID_Chassis_Omega                        0x20000d0c   Data          80  pid.o(.bss)
    PID_Shoot                                0x20000d5c   Data         160  pid.o(.bss)
    PID_Trigger                              0x20000dfc   Data          80  pid.o(.bss)
    PID_Trigger_Angle                        0x20000e4c   Data          80  pid.o(.bss)
    PID_Trigger_Speed                        0x20000e9c   Data          80  pid.o(.bss)
    Usart_Referee_Rx_Buf                     0x20000eec   Data        2048  referee.o(.bss)
    Usart_Referee_Tx_Buf                     0x200016ec   Data         200  referee.o(.bss)
    game_robot_state                         0x200017b4   Data          27  referee_info.o(.bss)
    power_heat_data                          0x200017cf   Data          16  referee_info.o(.bss)
    xQueueRegistry                           0x200017e0   Data          64  queue.o(.bss)
    Chassis_Speed                            0x20014510   Data          20  chassis_task.o(.bss)
    rc                                       0x20014524   Data          12  chassis_task.o(.bss)
    keyboard                                 0x20014530   Data          12  chassis_task.o(.bss)
    __libspace_start                         0x2001453c   Data          96  libspace.o(.bss)
    __temporary_stack_top$libspace           0x2001459c   Data           0  libspace.o(.bss)



==============================================================================

Memory Map of the image

  Image Entry point : 0x08000189

  Load Region LR_IROM1 (Base: 0x08000000, Size: 0x0000d8c8, Max: 0x00100000, ABSOLUTE, COMPRESSED[0x0000d670])

    Execution Region ER_IROM1 (Exec base: 0x08000000, Load base: 0x08000000, Size: 0x0000d5f8, Max: 0x00100000, ABSOLUTE)

    Exec Addr    Load Addr    Size         Type   Attr      Idx    E Section Name        Object

    0x08000000   0x08000000   0x00000188   Data   RO         4708    RESET               startup_stm32f40_41xxx.o
    0x08000188   0x08000188   0x00000008   Code   RO         5274  * !!!main             c_w.l(__main.o)
    0x08000190   0x08000190   0x00000034   Code   RO         5658    !!!scatter          c_w.l(__scatter.o)
    0x080001c4   0x080001c4   0x0000005a   Code   RO         5656    !!dczerorl2         c_w.l(__dczerorl2.o)
    0x0800021e   0x0800021e   0x00000002   PAD
    0x08000220   0x08000220   0x0000001c   Code   RO         5660    !!handler_zi        c_w.l(__scatter_zi.o)
    0x0800023c   0x0800023c   0x00000000   Code   RO         5263    .ARM.Collect$$_printf_percent$$00000000  c_w.l(_printf_percent.o)
    0x0800023c   0x0800023c   0x00000006   Code   RO         5262    .ARM.Collect$$_printf_percent$$00000003  c_w.l(_printf_f.o)
    0x08000242   0x08000242   0x00000006   Code   RO         5261    .ARM.Collect$$_printf_percent$$00000009  c_w.l(_printf_d.o)
    0x08000248   0x08000248   0x00000004   Code   RO         5385    .ARM.Collect$$_printf_percent$$00000017  c_w.l(_printf_percent_end.o)
    0x0800024c   0x0800024c   0x00000002   Code   RO         5531    .ARM.Collect$$libinit$$00000000  c_w.l(libinit.o)
    0x0800024e   0x0800024e   0x00000004   Code   RO         5532    .ARM.Collect$$libinit$$00000001  c_w.l(libinit2.o)
    0x08000252   0x08000252   0x00000000   Code   RO         5535    .ARM.Collect$$libinit$$00000004  c_w.l(libinit2.o)
    0x08000252   0x08000252   0x00000000   Code   RO         5538    .ARM.Collect$$libinit$$0000000A  c_w.l(libinit2.o)
    0x08000252   0x08000252   0x00000000   Code   RO         5540    .ARM.Collect$$libinit$$0000000C  c_w.l(libinit2.o)
    0x08000252   0x08000252   0x00000000   Code   RO         5542    .ARM.Collect$$libinit$$0000000E  c_w.l(libinit2.o)
    0x08000252   0x08000252   0x00000006   Code   RO         5543    .ARM.Collect$$libinit$$0000000F  c_w.l(libinit2.o)
    0x08000258   0x08000258   0x00000000   Code   RO         5545    .ARM.Collect$$libinit$$00000011  c_w.l(libinit2.o)
    0x08000258   0x08000258   0x00000000   Code   RO         5547    .ARM.Collect$$libinit$$00000013  c_w.l(libinit2.o)
    0x08000258   0x08000258   0x00000000   Code   RO         5549    .ARM.Collect$$libinit$$00000015  c_w.l(libinit2.o)
    0x08000258   0x08000258   0x0000000a   Code   RO         5550    .ARM.Collect$$libinit$$00000016  c_w.l(libinit2.o)
    0x08000262   0x08000262   0x00000000   Code   RO         5551    .ARM.Collect$$libinit$$00000017  c_w.l(libinit2.o)
    0x08000262   0x08000262   0x00000000   Code   RO         5553    .ARM.Collect$$libinit$$00000019  c_w.l(libinit2.o)
    0x08000262   0x08000262   0x00000000   Code   RO         5555    .ARM.Collect$$libinit$$0000001B  c_w.l(libinit2.o)
    0x08000262   0x08000262   0x00000000   Code   RO         5557    .ARM.Collect$$libinit$$0000001D  c_w.l(libinit2.o)
    0x08000262   0x08000262   0x00000000   Code   RO         5559    .ARM.Collect$$libinit$$0000001F  c_w.l(libinit2.o)
    0x08000262   0x08000262   0x00000000   Code   RO         5561    .ARM.Collect$$libinit$$00000021  c_w.l(libinit2.o)
    0x08000262   0x08000262   0x00000000   Code   RO         5563    .ARM.Collect$$libinit$$00000023  c_w.l(libinit2.o)
    0x08000262   0x08000262   0x00000000   Code   RO         5565    .ARM.Collect$$libinit$$00000025  c_w.l(libinit2.o)
    0x08000262   0x08000262   0x00000000   Code   RO         5569    .ARM.Collect$$libinit$$0000002C  c_w.l(libinit2.o)
    0x08000262   0x08000262   0x00000000   Code   RO         5571    .ARM.Collect$$libinit$$0000002E  c_w.l(libinit2.o)
    0x08000262   0x08000262   0x00000000   Code   RO         5573    .ARM.Collect$$libinit$$00000030  c_w.l(libinit2.o)
    0x08000262   0x08000262   0x00000000   Code   RO         5575    .ARM.Collect$$libinit$$00000032  c_w.l(libinit2.o)
    0x08000262   0x08000262   0x00000002   Code   RO         5576    .ARM.Collect$$libinit$$00000033  c_w.l(libinit2.o)
    0x08000264   0x08000264   0x00000002   Code   RO         5604    .ARM.Collect$$libshutdown$$00000000  c_w.l(libshutdown.o)
    0x08000266   0x08000266   0x00000000   Code   RO         5613    .ARM.Collect$$libshutdown$$00000002  c_w.l(libshutdown2.o)
    0x08000266   0x08000266   0x00000000   Code   RO         5615    .ARM.Collect$$libshutdown$$00000004  c_w.l(libshutdown2.o)
    0x08000266   0x08000266   0x00000000   Code   RO         5617    .ARM.Collect$$libshutdown$$00000006  c_w.l(libshutdown2.o)
    0x08000266   0x08000266   0x00000000   Code   RO         5620    .ARM.Collect$$libshutdown$$00000009  c_w.l(libshutdown2.o)
    0x08000266   0x08000266   0x00000000   Code   RO         5623    .ARM.Collect$$libshutdown$$0000000C  c_w.l(libshutdown2.o)
    0x08000266   0x08000266   0x00000000   Code   RO         5625    .ARM.Collect$$libshutdown$$0000000E  c_w.l(libshutdown2.o)
    0x08000266   0x08000266   0x00000000   Code   RO         5628    .ARM.Collect$$libshutdown$$00000011  c_w.l(libshutdown2.o)
    0x08000266   0x08000266   0x00000002   Code   RO         5629    .ARM.Collect$$libshutdown$$00000012  c_w.l(libshutdown2.o)
    0x08000268   0x08000268   0x00000000   Code   RO         5374    .ARM.Collect$$rtentry$$00000000  c_w.l(__rtentry.o)
    0x08000268   0x08000268   0x00000000   Code   RO         5453    .ARM.Collect$$rtentry$$00000002  c_w.l(__rtentry2.o)
    0x08000268   0x08000268   0x00000006   Code   RO         5465    .ARM.Collect$$rtentry$$00000004  c_w.l(__rtentry4.o)
    0x0800026e   0x0800026e   0x00000000   Code   RO         5455    .ARM.Collect$$rtentry$$00000009  c_w.l(__rtentry2.o)
    0x0800026e   0x0800026e   0x00000004   Code   RO         5456    .ARM.Collect$$rtentry$$0000000A  c_w.l(__rtentry2.o)
    0x08000272   0x08000272   0x00000000   Code   RO         5458    .ARM.Collect$$rtentry$$0000000C  c_w.l(__rtentry2.o)
    0x08000272   0x08000272   0x00000008   Code   RO         5459    .ARM.Collect$$rtentry$$0000000D  c_w.l(__rtentry2.o)
    0x0800027a   0x0800027a   0x00000002   Code   RO         5577    .ARM.Collect$$rtexit$$00000000  c_w.l(rtexit.o)
    0x0800027c   0x0800027c   0x00000000   Code   RO         5584    .ARM.Collect$$rtexit$$00000002  c_w.l(rtexit2.o)
    0x0800027c   0x0800027c   0x00000004   Code   RO         5585    .ARM.Collect$$rtexit$$00000003  c_w.l(rtexit2.o)
    0x08000280   0x08000280   0x00000006   Code   RO         5586    .ARM.Collect$$rtexit$$00000004  c_w.l(rtexit2.o)
    0x08000286   0x08000286   0x00000002   PAD
    0x08000288   0x08000288   0x000000b6   Code   RO         4580    .emb_text           port.o
    0x0800033e   0x0800033e   0x00000002   PAD
    0x08000340   0x08000340   0x00000040   Code   RO         4709    .text               startup_stm32f40_41xxx.o
    0x08000380   0x08000380   0x00000002   Code   RO         5231    .text               c_w.l(use_no_semi_2.o)
    0x08000382   0x08000382   0x00000002   PAD
    0x08000384   0x08000384   0x00000028   Code   RO         5235    .text               c_w.l(noretval__2sprintf.o)
    0x080003ac   0x080003ac   0x00000078   Code   RO         5239    .text               c_w.l(_printf_dec.o)
    0x08000424   0x08000424   0x0000010e   Code   RO         5249    .text               c_w.l(__printf_wp.o)
    0x08000532   0x08000532   0x0000008a   Code   RO         5264    .text               c_w.l(rt_memcpy_v6.o)
    0x080005bc   0x080005bc   0x00000010   Code   RO         5266    .text               c_w.l(aeabi_memset.o)
    0x080005cc   0x080005cc   0x00000044   Code   RO         5268    .text               c_w.l(rt_memclr.o)
    0x08000610   0x08000610   0x0000004e   Code   RO         5270    .text               c_w.l(rt_memclr_w.o)
    0x0800065e   0x0800065e   0x00000006   Code   RO         5272    .text               c_w.l(heapauxi.o)
    0x08000664   0x08000664   0x00000002   Code   RO         5372    .text               c_w.l(use_no_semi.o)
    0x08000666   0x08000666   0x00000016   Code   RO         5375    .text               c_w.l(_rserrno.o)
    0x0800067c   0x0800067c   0x000000b2   Code   RO         5377    .text               c_w.l(_printf_intcommon.o)
    0x0800072e   0x0800072e   0x0000041e   Code   RO         5379    .text               c_w.l(_printf_fp_dec.o)
    0x08000b4c   0x08000b4c   0x00000030   Code   RO         5381    .text               c_w.l(_printf_char_common.o)
    0x08000b7c   0x08000b7c   0x0000000a   Code   RO         5383    .text               c_w.l(_sputc.o)
    0x08000b86   0x08000b86   0x00000064   Code   RO         5386    .text               c_w.l(rt_memcpy_w.o)
    0x08000bea   0x08000bea   0x00000002   PAD
    0x08000bec   0x08000bec   0x00000008   Code   RO         5470    .text               c_w.l(rt_locale_intlibspace.o)
    0x08000bf4   0x08000bf4   0x00000008   Code   RO         5475    .text               c_w.l(rt_errno_addr_intlibspace.o)
    0x08000bfc   0x08000bfc   0x0000008a   Code   RO         5477    .text               c_w.l(lludiv10.o)
    0x08000c86   0x08000c86   0x00000002   PAD
    0x08000c88   0x08000c88   0x00000080   Code   RO         5479    .text               c_w.l(_printf_fp_infnan.o)
    0x08000d08   0x08000d08   0x000000e4   Code   RO         5483    .text               c_w.l(bigflt0.o)
    0x08000dec   0x08000dec   0x00000008   Code   RO         5517    .text               c_w.l(libspace.o)
    0x08000df4   0x08000df4   0x0000004a   Code   RO         5520    .text               c_w.l(sys_stackheap_outer.o)
    0x08000e3e   0x08000e3e   0x00000012   Code   RO         5522    .text               c_w.l(exit.o)
    0x08000e50   0x08000e50   0x00000080   Code   RO         5524    .text               c_w.l(strcmpv7m.o)
    0x08000ed0   0x08000ed0   0x0000003e   Code   RO         5486    CL$$btod_d2e        c_w.l(btod.o)
    0x08000f0e   0x08000f0e   0x00000046   Code   RO         5488    CL$$btod_d2e_denorm_low  c_w.l(btod.o)
    0x08000f54   0x08000f54   0x00000060   Code   RO         5487    CL$$btod_d2e_norm_op1  c_w.l(btod.o)
    0x08000fb4   0x08000fb4   0x00000338   Code   RO         5496    CL$$btod_div_common  c_w.l(btod.o)
    0x080012ec   0x080012ec   0x000000dc   Code   RO         5493    CL$$btod_e2e        c_w.l(btod.o)
    0x080013c8   0x080013c8   0x0000002a   Code   RO         5490    CL$$btod_ediv       c_w.l(btod.o)
    0x080013f2   0x080013f2   0x0000002a   Code   RO         5489    CL$$btod_emul       c_w.l(btod.o)
    0x0800141c   0x0800141c   0x00000244   Code   RO         5495    CL$$btod_mult_common  c_w.l(btod.o)
    0x08001660   0x08001660   0x0000001c   Code   RO         4782    i.Angle_Correct     chassis_task.o
    0x0800167c   0x0800167c   0x00000010   Code   RO          963    i.Angle_Correct_Get  gimbal.o
    0x0800168c   0x0800168c   0x000000f0   Code   RO         4783    i.Angle_Reverse_Handle  chassis_task.o
    0x0800177c   0x0800177c   0x00000030   Code   RO          788    i.Append_CRC16_Check_Sum  crc.o
    0x080017ac   0x080017ac   0x00000026   Code   RO          789    i.Append_CRC8_Check_Sum  crc.o
    0x080017d2   0x080017d2   0x00000002   PAD
    0x080017d4   0x080017d4   0x00000010   Code   RO          503    i.BMI088_ACCEL_NS_H  bmi088driver.o
    0x080017e4   0x080017e4   0x00000010   Code   RO          504    i.BMI088_ACCEL_NS_L  bmi088driver.o
    0x080017f4   0x080017f4   0x00000010   Code   RO          505    i.BMI088_GYRO_NS_H  bmi088driver.o
    0x08001804   0x08001804   0x00000010   Code   RO          506    i.BMI088_GYRO_NS_L  bmi088driver.o
    0x08001814   0x08001814   0x000001b4   Code   RO          507    i.BMI088_Get_Data   bmi088driver.o
    0x080019c8   0x080019c8   0x00000154   Code   RO          508    i.BMI088_Offset_Cali  bmi088driver.o
    0x08001b1c   0x08001b1c   0x00000140   Code   RO          483    i.BMI088_SPI_Init   bmi088.o
    0x08001c5c   0x08001c5c   0x00000022   Code   RO          509    i.BMI088_init       bmi088driver.o
    0x08001c7e   0x08001c7e   0x00000026   Code   RO          511    i.BMI088_read_muli_reg  bmi088driver.o
    0x08001ca4   0x08001ca4   0x00000018   Code   RO          512    i.BMI088_read_single_reg  bmi088driver.o
    0x08001cbc   0x08001cbc   0x00000038   Code   RO          513    i.BMI088_read_write_byte  bmi088driver.o
    0x08001cf4   0x08001cf4   0x00000014   Code   RO          515    i.BMI088_write_single_reg  bmi088driver.o
    0x08001d08   0x08001d08   0x00000040   Code   RO            3    i.BSP_Init          main.o
    0x08001d48   0x08001d48   0x00000010   Code   RO          451    i.Beep_Ctrl         beep.o
    0x08001d58   0x08001d58   0x000000a0   Code   RO          452    i.Beep_Init         beep.o
    0x08001df8   0x08001df8   0x00000080   Code   RO         5073    i.Bullet_Block_Control  shoot_task.o
    0x08001e78   0x08001e78   0x00000004   Code   RO          335    i.BusFault_Handler  stm32f4xx_it.o
    0x08001e7c   0x08001e7c   0x0000000c   Code   RO          612    i.CAN12_Init        can.o
    0x08001e88   0x08001e88   0x0000011c   Code   RO          613    i.CAN1_Init         can.o
    0x08001fa4   0x08001fa4   0x000001e8   Code   RO          644    i.CAN1_RX0_IRQHandler  can_handle.o
    0x0800218c   0x0800218c   0x000000a4   Code   RO          645    i.CAN1_TX_Chassis   can_handle.o
    0x08002230   0x08002230   0x00000088   Code   RO          646    i.CAN1_TX_Gimbal_Pitch  can_handle.o
    0x080022b8   0x080022b8   0x00000088   Code   RO          647    i.CAN1_TX_Gimbal_Yaw  can_handle.o
    0x08002340   0x08002340   0x00000024   Code   RO          648    i.CAN1_TX_IRQHandler  can_handle.o
    0x08002364   0x08002364   0x00000168   Code   RO          649    i.CAN1_TX_SuperCap  can_handle.o
    0x080024cc   0x080024cc   0x00000128   Code   RO          614    i.CAN2_Init         can.o
    0x080025f4   0x080025f4   0x000000b4   Code   RO          650    i.CAN2_RX0_IRQHandler  can_handle.o
    0x080026a8   0x080026a8   0x00000024   Code   RO          651    i.CAN2_TX_IRQHandler  can_handle.o
    0x080026cc   0x080026cc   0x000000a4   Code   RO          652    i.CAN2_TX_Rudder    can_handle.o
    0x08002770   0x08002770   0x000000a0   Code   RO          653    i.CAN2_TX_Shoot     can_handle.o
    0x08002810   0x08002810   0x000000a8   Code   RO         1738    i.CAN_ClearITPendingBit  stm32f4xx_can.o
    0x080028b8   0x080028b8   0x00000050   Code   RO          654    i.CAN_Data_Decode   can_handle.o
    0x08002908   0x08002908   0x00000038   Code   RO         1740    i.CAN_DeInit        stm32f4xx_can.o
    0x08002940   0x08002940   0x00000108   Code   RO         1742    i.CAN_FilterInit    stm32f4xx_can.o
    0x08002a48   0x08002a48   0x00000120   Code   RO         1744    i.CAN_GetITStatus   stm32f4xx_can.o
    0x08002b68   0x08002b68   0x00000012   Code   RO         1748    i.CAN_ITConfig      stm32f4xx_can.o
    0x08002b7a   0x08002b7a   0x00000114   Code   RO         1749    i.CAN_Init          stm32f4xx_can.o
    0x08002c8e   0x08002c8e   0x000000f0   Code   RO         1752    i.CAN_Receive       stm32f4xx_can.o
    0x08002d7e   0x08002d7e   0x00000020   Code   RO         1755    i.CAN_StructInit    stm32f4xx_can.o
    0x08002d9e   0x08002d9e   0x00000002   PAD
    0x08002da0   0x08002da0   0x00000070   Code   RO          655    i.CAN_Total_Angle_Decode  can_handle.o
    0x08002e10   0x08002e10   0x00000126   Code   RO         1757    i.CAN_Transmit      stm32f4xx_can.o
    0x08002f36   0x08002f36   0x00000002   PAD
    0x08002f38   0x08002f38   0x00000144   Code   RO         4784    i.Chassis_Follow_Control  chassis_task.o
    0x0800307c   0x0800307c   0x000000b4   Code   RO          742    i.Chassis_Init      chassis.o
    0x08003130   0x08003130   0x00000058   Code   RO         4785    i.Chassis_Power_Limit  chassis_task.o
    0x08003188   0x08003188   0x00000254   Code   RO         4786    i.Chassis_Rotate_Control  chassis_task.o
    0x080033dc   0x080033dc   0x00000108   Code   RO         4787    i.Chassis_Speed_Calc  chassis_task.o
    0x080034e4   0x080034e4   0x00000030   Code   RO         4788    i.Chassis_Stop_Control  chassis_task.o
    0x08003514   0x08003514   0x000001c0   Code   RO         4789    i.Chassis_SuperCap_Control  chassis_task.o
    0x080036d4   0x080036d4   0x00000012   Code   RO         1760    i.CheckITStatus     stm32f4xx_can.o
    0x080036e6   0x080036e6   0x00000002   PAD
    0x080036e8   0x080036e8   0x00000014   Code   RO          762    i.Cover_Init        cover.o
    0x080036fc   0x080036fc   0x000000ac   Code   RO          763    i.Cover_PWM_Init    cover.o
    0x080037a8   0x080037a8   0x00000030   Code   RO         1335    i.DMA2_Stream6_IRQHandler  referee.o
    0x080037d8   0x080037d8   0x00000030   Code   RO         1227    i.DMA2_Stream7_IRQHandler  nuc.o
    0x08003808   0x08003808   0x00000034   Code   RO         1900    i.DMA_ClearITPendingBit  stm32f4xx_dma.o
    0x0800383c   0x0800383c   0x00000016   Code   RO         1901    i.DMA_Cmd           stm32f4xx_dma.o
    0x08003852   0x08003852   0x00000002   PAD
    0x08003854   0x08003854   0x00000158   Code   RO         1902    i.DMA_DeInit        stm32f4xx_dma.o
    0x080039ac   0x080039ac   0x00000016   Code   RO         1903    i.DMA_DoubleBufferModeCmd  stm32f4xx_dma.o
    0x080039c2   0x080039c2   0x00000018   Code   RO         1904    i.DMA_DoubleBufferModeConfig  stm32f4xx_dma.o
    0x080039da   0x080039da   0x00000008   Code   RO         1907    i.DMA_GetCurrDataCounter  stm32f4xx_dma.o
    0x080039e2   0x080039e2   0x00000014   Code   RO         1908    i.DMA_GetCurrentMemoryTarget  stm32f4xx_dma.o
    0x080039f6   0x080039f6   0x00000002   PAD
    0x080039f8   0x080039f8   0x00000064   Code   RO         1911    i.DMA_GetITStatus   stm32f4xx_dma.o
    0x08003a5c   0x08003a5c   0x0000003a   Code   RO         1912    i.DMA_ITConfig      stm32f4xx_dma.o
    0x08003a96   0x08003a96   0x00000002   PAD
    0x08003a98   0x08003a98   0x00000058   Code   RO         1913    i.DMA_Init          stm32f4xx_dma.o
    0x08003af0   0x08003af0   0x00000004   Code   RO         1916    i.DMA_SetCurrDataCounter  stm32f4xx_dma.o
    0x08003af4   0x08003af4   0x000000d4   Code   RO          906    i.DR16_Data_Decode  dr16.o
    0x08003bc8   0x08003bc8   0x00000010   Code   RO          907    i.DR16_Init         dr16.o
    0x08003bd8   0x08003bd8   0x00000090   Code   RO          908    i.DR16_USART_DMA_Init  dr16.o
    0x08003c68   0x08003c68   0x0000009c   Code   RO          909    i.DR16_USART_Init   dr16.o
    0x08003d04   0x08003d04   0x00000022   Code   RO          910    i.DR16_USART_NVIC_Init  dr16.o
    0x08003d26   0x08003d26   0x00000002   Code   RO          336    i.DebugMon_Handler  stm32f4xx_it.o
    0x08003d28   0x08003d28   0x000000f8   Code   RO          842    i.Draw_Char         custom_ui.o
    0x08003e20   0x08003e20   0x000000c4   Code   RO          843    i.Draw_Circle       custom_ui.o
    0x08003ee4   0x08003ee4   0x000000d8   Code   RO          844    i.Draw_Float        custom_ui.o
    0x08003fbc   0x08003fbc   0x000000cc   Code   RO          845    i.Draw_Int          custom_ui.o
    0x08004088   0x08004088   0x000000cc   Code   RO          846    i.Draw_Line         custom_ui.o
    0x08004154   0x08004154   0x00000014   Code   RO         1011    i.EXTI9_5_IRQHandler  imu.o
    0x08004168   0x08004168   0x0000000c   Code   RO         2028    i.EXTI_ClearITPendingBit  stm32f4xx_exti.o
    0x08004174   0x08004174   0x00000018   Code   RO         2032    i.EXTI_GetITStatus  stm32f4xx_exti.o
    0x0800418c   0x0800418c   0x00000018   Code   RO         4790    i.Encoder_Data_Cal  chassis_task.o
    0x080041a4   0x080041a4   0x00000032   Code   RO          964    i.Encoder_Data_Process  gimbal.o
    0x080041d6   0x080041d6   0x00000002   PAD
    0x080041d8   0x080041d8   0x00000024   Code   RO         3492    i.FLASH_DataCacheCmd  stm32f4xx_flash.o
    0x080041fc   0x080041fc   0x00000088   Code   RO         3497    i.FLASH_EraseSector  stm32f4xx_flash.o
    0x08004284   0x08004284   0x00000054   Code   RO         3499    i.FLASH_GetStatus   stm32f4xx_flash.o
    0x080042d8   0x080042d8   0x00000014   Code   RO         3503    i.FLASH_Lock        stm32f4xx_flash.o
    0x080042ec   0x080042ec   0x00000050   Code   RO         3527    i.FLASH_ProgramWord  stm32f4xx_flash.o
    0x0800433c   0x0800433c   0x00000024   Code   RO         3529    i.FLASH_Unlock      stm32f4xx_flash.o
    0x08004360   0x08004360   0x00000022   Code   RO         3530    i.FLASH_WaitForLastOperation  stm32f4xx_flash.o
    0x08004382   0x08004382   0x00000090   Code   RO         2090    i.GPIO_Init         stm32f4xx_gpio.o
    0x08004412   0x08004412   0x00000046   Code   RO         2091    i.GPIO_PinAFConfig  stm32f4xx_gpio.o
    0x08004458   0x08004458   0x00000004   Code   RO         2097    i.GPIO_ResetBits    stm32f4xx_gpio.o
    0x0800445c   0x0800445c   0x00000004   Code   RO         2098    i.GPIO_SetBits      stm32f4xx_gpio.o
    0x08004460   0x08004460   0x00000008   Code   RO         2100    i.GPIO_ToggleBits   stm32f4xx_gpio.o
    0x08004468   0x08004468   0x00000034   Code   RO          790    i.Get_CRC16_Check_Sum  crc.o
    0x0800449c   0x0800449c   0x00000024   Code   RO          791    i.Get_CRC8_Check_Sum  crc.o
    0x080044c0   0x080044c0   0x00000170   Code   RO         4972    i.Get_Chassis_Keyboard  mode_task.o
    0x08004630   0x08004630   0x00000090   Code   RO         4973    i.Get_Chassis_Mode  mode_task.o
    0x080046c0   0x080046c0   0x00000088   Code   RO         4974    i.Get_Chassis_RC    mode_task.o
    0x08004748   0x08004748   0x000000a0   Code   RO         4975    i.Get_Cover_Mode    mode_task.o
    0x080047e8   0x080047e8   0x00000054   Code   RO         4976    i.Get_Gimbal_Mode   mode_task.o
    0x0800483c   0x0800483c   0x000000d8   Code   RO         4977    i.Get_Keyboard_Mode  mode_task.o
    0x08004914   0x08004914   0x000000fc   Code   RO         4978    i.Get_Shoot_Mode    mode_task.o
    0x08004a10   0x08004a10   0x00000188   Code   RO          965    i.Gimbal_Angle_Calibrate  gimbal.o
    0x08004b98   0x08004b98   0x0000007c   Code   RO          966    i.Gimbal_Angle_Read  gimbal.o
    0x08004c14   0x08004c14   0x000001e8   Code   RO         4867    i.Gimbal_AutoAim_Control  gimbal_task.o
    0x08004dfc   0x08004dfc   0x0000021c   Code   RO         4868    i.Gimbal_Follow_Control  gimbal_task.o
    0x08005018   0x08005018   0x00000224   Code   RO          967    i.Gimbal_Init       gimbal.o
    0x0800523c   0x0800523c   0x00000014   Code   RO         4869    i.Gimbal_Stop_Control  gimbal_task.o
    0x08005250   0x08005250   0x00000004   Code   RO          337    i.HardFault_Handler  stm32f4xx_it.o
    0x08005254   0x08005254   0x00000770   Code   RO         1012    i.IMU_Ahrs_Update   imu.o
    0x080059c4   0x080059c4   0x00000208   Code   RO         1013    i.IMU_Attitude_Update  imu.o
    0x08005bcc   0x08005bcc   0x0000003c   Code   RO         1201    i.LED_Init          led.o
    0x08005c08   0x08005c08   0x00000014   Code   RO         1202    i.LED_Run           led.o
    0x08005c1c   0x08005c1c   0x0000003c   Code   RO         1175    i.Laser_Init        laser.o
    0x08005c58   0x08005c58   0x00000004   Code   RO          338    i.MemManage_Handler  stm32f4xx_it.o
    0x08005c5c   0x08005c5c   0x00000002   Code   RO          339    i.NMI_Handler       stm32f4xx_it.o
    0x08005c5e   0x08005c5e   0x00000002   PAD
    0x08005c60   0x08005c60   0x0000006c   Code   RO         1228    i.NUC_Data_Decode   nuc.o
    0x08005ccc   0x08005ccc   0x00000010   Code   RO         1229    i.NUC_Init          nuc.o
    0x08005cdc   0x08005cdc   0x000001b4   Code   RO         1230    i.NUC_Send_Data     nuc.o
    0x08005e90   0x08005e90   0x000000f0   Code   RO         1231    i.NUC_USART_DMA_Init  nuc.o
    0x08005f80   0x08005f80   0x000000bc   Code   RO         1232    i.NUC_USART_Init    nuc.o
    0x0800603c   0x0800603c   0x00000040   Code   RO         1233    i.NUC_USART_NVIC_Init  nuc.o
    0x0800607c   0x0800607c   0x00000078   Code   RO         1692    i.NVIC_Init         misc.o
    0x080060f4   0x080060f4   0x00000014   Code   RO         1693    i.NVIC_PriorityGroupConfig  misc.o
    0x08006108   0x08006108   0x00000220   Code   RO         1297    i.Pid_Calc          pid.o
    0x08006328   0x08006328   0x000000a0   Code   RO         1298    i.Pid_Reset         pid.o
    0x080063c8   0x080063c8   0x0000002e   Code   RO         1299    i.Pid_Set           pid.o
    0x080063f6   0x080063f6   0x00000002   PAD
    0x080063f8   0x080063f8   0x00000020   Code   RO         2187    i.RCC_AHB1PeriphClockCmd  stm32f4xx_rcc.o
    0x08006418   0x08006418   0x00000020   Code   RO         2196    i.RCC_APB1PeriphClockCmd  stm32f4xx_rcc.o
    0x08006438   0x08006438   0x00000020   Code   RO         2198    i.RCC_APB1PeriphResetCmd  stm32f4xx_rcc.o
    0x08006458   0x08006458   0x00000020   Code   RO         2199    i.RCC_APB2PeriphClockCmd  stm32f4xx_rcc.o
    0x08006478   0x08006478   0x00000020   Code   RO         2201    i.RCC_APB2PeriphResetCmd  stm32f4xx_rcc.o
    0x08006498   0x08006498   0x000000e8   Code   RO         2208    i.RCC_GetClocksFreq  stm32f4xx_rcc.o
    0x08006580   0x08006580   0x00000094   Code   RO         1395    i.RefereeInfo_Decode  referee_info.o
    0x08006614   0x08006614   0x00000010   Code   RO         1336    i.Referee_Init      referee.o
    0x08006624   0x08006624   0x000000f8   Code   RO         1337    i.Referee_USART_DMA_Init  referee.o
    0x0800671c   0x0800671c   0x0000009c   Code   RO         1338    i.Referee_USART_Init  referee.o
    0x080067b8   0x080067b8   0x0000003e   Code   RO         1339    i.Referee_USART_NVIC_Init  referee.o
    0x080067f6   0x080067f6   0x00000002   PAD
    0x080067f8   0x080067f8   0x000000e8   Code   RO         1562    i.Rudder_Init       rudder.o
    0x080068e0   0x080068e0   0x00000018   Code   RO         2527    i.SPI_Cmd           stm32f4xx_spi.o
    0x080068f8   0x080068f8   0x00000012   Code   RO         2535    i.SPI_I2S_GetFlagStatus  stm32f4xx_spi.o
    0x0800690a   0x0800690a   0x00000006   Code   RO         2538    i.SPI_I2S_ReceiveData  stm32f4xx_spi.o
    0x08006910   0x08006910   0x00000004   Code   RO         2539    i.SPI_I2S_SendData  stm32f4xx_spi.o
    0x08006914   0x08006914   0x0000003c   Code   RO         2540    i.SPI_Init          stm32f4xx_spi.o
    0x08006950   0x08006950   0x000000a0   Code   RO         1524    i.STMFLASH_GetFlashSector  flash.o
    0x080069f0   0x080069f0   0x00000020   Code   RO         1525    i.STMFLASH_Read     flash.o
    0x08006a10   0x08006a10   0x00000006   Code   RO         1526    i.STMFLASH_ReadWord  flash.o
    0x08006a16   0x08006a16   0x00000002   PAD
    0x08006a18   0x08006a18   0x00000098   Code   RO         1527    i.STMFLASH_Write    flash.o
    0x08006ab0   0x08006ab0   0x000000ec   Code   RO          414    i.SetSysClock       system_stm32f4xx.o
    0x08006b9c   0x08006b9c   0x00000130   Code   RO         1446    i.Shoot_Init        shoot.o
    0x08006ccc   0x08006ccc   0x00000258   Code   RO         5074    i.Shoot_Run_Control  shoot_task.o
    0x08006f24   0x08006f24   0x000000a4   Code   RO         5075    i.Shoot_Stop_Control  shoot_task.o
    0x08006fc8   0x08006fc8   0x000008b8   Code   RO          848    i.Show_UI           custom_ui.o
    0x08007880   0x08007880   0x00000028   Code   RO         1696    i.SysTick_CLKSourceConfig  misc.o
    0x080078a8   0x080078a8   0x00000010   Code   RO         1588    i.SysTick_Handler   delay.o
    0x080078b8   0x080078b8   0x00000068   Code   RO          416    i.SystemInit        system_stm32f4xx.o
    0x08007920   0x08007920   0x00000110   Code   RO         1492    i.TIM6_DAC_IRQHandler  tim6.o
    0x08007a30   0x08007a30   0x0000005c   Code   RO         1493    i.TIM6_Init         tim6.o
    0x08007a8c   0x08007a8c   0x00000018   Code   RO         2689    i.TIM_ARRPreloadConfig  stm32f4xx_tim.o
    0x08007aa4   0x08007aa4   0x00000006   Code   RO         2696    i.TIM_ClearITPendingBit  stm32f4xx_tim.o
    0x08007aaa   0x08007aaa   0x00000018   Code   RO         2701    i.TIM_Cmd           stm32f4xx_tim.o
    0x08007ac2   0x08007ac2   0x0000001e   Code   RO         2703    i.TIM_CtrlPWMOutputs  stm32f4xx_tim.o
    0x08007ae0   0x08007ae0   0x00000022   Code   RO         2722    i.TIM_GetITStatus   stm32f4xx_tim.o
    0x08007b02   0x08007b02   0x00000012   Code   RO         2726    i.TIM_ITConfig      stm32f4xx_tim.o
    0x08007b14   0x08007b14   0x0000007c   Code   RO         2730    i.TIM_OC1Init       stm32f4xx_tim.o
    0x08007b90   0x08007b90   0x00000012   Code   RO         2733    i.TIM_OC1PreloadConfig  stm32f4xx_tim.o
    0x08007ba2   0x08007ba2   0x00000002   PAD
    0x08007ba4   0x08007ba4   0x000000a0   Code   RO         2740    i.TIM_OC3Init       stm32f4xx_tim.o
    0x08007c44   0x08007c44   0x00000012   Code   RO         2743    i.TIM_OC3PreloadConfig  stm32f4xx_tim.o
    0x08007c56   0x08007c56   0x00000002   PAD
    0x08007c58   0x08007c58   0x00000084   Code   RO         2773    i.TIM_TimeBaseInit  stm32f4xx_tim.o
    0x08007cdc   0x08007cdc   0x00000008   Code   RO         4715    i.Task_Init         task_init.o
    0x08007ce4   0x08007ce4   0x00000088   Code   RO         1234    i.USART1_IRQHandler  nuc.o
    0x08007d6c   0x08007d6c   0x00000088   Code   RO          911    i.USART3_IRQHandler  dr16.o
    0x08007df4   0x08007df4   0x00000158   Code   RO         1340    i.USART6_IRQHandler  referee.o
    0x08007f4c   0x08007f4c   0x00000012   Code   RO         3247    i.USART_ClearFlag   stm32f4xx_usart.o
    0x08007f5e   0x08007f5e   0x00000018   Code   RO         3251    i.USART_Cmd         stm32f4xx_usart.o
    0x08007f76   0x08007f76   0x00000012   Code   RO         3252    i.USART_DMACmd      stm32f4xx_usart.o
    0x08007f88   0x08007f88   0x0000001a   Code   RO         3254    i.USART_GetFlagStatus  stm32f4xx_usart.o
    0x08007fa2   0x08007fa2   0x00000054   Code   RO         3255    i.USART_GetITStatus  stm32f4xx_usart.o
    0x08007ff6   0x08007ff6   0x0000004a   Code   RO         3257    i.USART_ITConfig    stm32f4xx_usart.o
    0x08008040   0x08008040   0x000000d4   Code   RO         3258    i.USART_Init        stm32f4xx_usart.o
    0x08008114   0x08008114   0x0000000a   Code   RO         3265    i.USART_ReceiveData  stm32f4xx_usart.o
    0x0800811e   0x0800811e   0x00000008   Code   RO         3268    i.USART_SendData    stm32f4xx_usart.o
    0x08008126   0x08008126   0x00000004   Code   RO          340    i.UsageFault_Handler  stm32f4xx_it.o
    0x0800812a   0x0800812a   0x00000002   PAD
    0x0800812c   0x0800812c   0x00000040   Code   RO          792    i.Verify_CRC16_Check_Sum  crc.o
    0x0800816c   0x0800816c   0x00000030   Code   RO          793    i.Verify_CRC8_Check_Sum  crc.o
    0x0800819c   0x0800819c   0x00000030   Code   RO         5436    i.__ARM_fpclassify  m_wm.l(fpclassify.o)
    0x080081cc   0x080081cc   0x00000004   PAD
    0x080081d0   0x080081d0   0x00000360   Code   RO         5304    i.__hardfp_asin     m_wm.l(asin.o)
    0x08008530   0x08008530   0x000002d8   Code   RO         5405    i.__hardfp_atan     m_wm.l(atan.o)
    0x08008808   0x08008808   0x00000200   Code   RO         5318    i.__hardfp_atan2    m_wm.l(atan2.o)
    0x08008a08   0x08008a08   0x000000c8   Code   RO         5330    i.__hardfp_cos      m_wm.l(cos.o)
    0x08008ad0   0x08008ad0   0x00000014   Code   RO         5342    i.__hardfp_fabs     m_wm.l(fabs.o)
    0x08008ae4   0x08008ae4   0x00000004   PAD
    0x08008ae8   0x08008ae8   0x000000c8   Code   RO         5348    i.__hardfp_sin      m_wm.l(sin.o)
    0x08008bb0   0x08008bb0   0x0000007a   Code   RO         5360    i.__hardfp_sqrt     m_wm.l(sqrt.o)
    0x08008c2a   0x08008c2a   0x00000006   PAD
    0x08008c30   0x08008c30   0x00000438   Code   RO         5441    i.__ieee754_rem_pio2  m_wm.l(rred.o)
    0x08009068   0x08009068   0x00000170   Code   RO         5419    i.__kernel_cos      m_wm.l(cos_i.o)
    0x080091d8   0x080091d8   0x000000f8   Code   RO         5438    i.__kernel_poly     m_wm.l(poly.o)
    0x080092d0   0x080092d0   0x00000130   Code   RO         5446    i.__kernel_sin      m_wm.l(sin_i.o)
    0x08009400   0x08009400   0x00000014   Code   RO         5423    i.__mathlib_dbl_infnan  m_wm.l(dunder.o)
    0x08009414   0x08009414   0x00000014   Code   RO         5424    i.__mathlib_dbl_infnan2  m_wm.l(dunder.o)
    0x08009428   0x08009428   0x00000020   Code   RO         5425    i.__mathlib_dbl_invalid  m_wm.l(dunder.o)
    0x08009448   0x08009448   0x00000020   Code   RO         5428    i.__mathlib_dbl_underflow  m_wm.l(dunder.o)
    0x08009468   0x08009468   0x0000000e   Code   RO         5251    i._is_digit         c_w.l(__printf_wp.o)
    0x08009476   0x08009476   0x00000004   Code   RO         1652    i._sys_exit         usart.o
    0x0800947a   0x0800947a   0x00000010   Code   RO         5407    i.atan              m_wm.l(atan.o)
    0x0800948a   0x0800948a   0x00000016   Code   RO         1398    i.bit8TObit16       referee_info.o
    0x080094a0   0x080094a0   0x00000020   Code   RO          656    i.bit8TObit32       can_handle.o
    0x080094c0   0x080094c0   0x00000128   Code   RO          516    i.bmi088_accel_init  bmi088driver.o
    0x080095e8   0x080095e8   0x000000f4   Code   RO          517    i.bmi088_gyro_init  bmi088driver.o
    0x080096dc   0x080096dc   0x00000050   Code   RO         4753    i.can_send_task     can_send_task.o
    0x0800972c   0x0800972c   0x00000034   Code   RO         4754    i.can_send_task_create  can_send_task.o
    0x08009760   0x08009760   0x000001c8   Code   RO         4791    i.chassis_task      chassis_task.o
    0x08009928   0x08009928   0x00000034   Code   RO         4792    i.chassis_task_create  chassis_task.o
    0x0800995c   0x0800995c   0x00000044   Code   RO         1589    i.delay_init        delay.o
    0x080099a0   0x080099a0   0x00000044   Code   RO         1590    i.delay_ms          delay.o
    0x080099e4   0x080099e4   0x00000048   Code   RO         1591    i.delay_us          delay.o
    0x08009a2c   0x08009a2c   0x00000018   Code   RO         1592    i.delay_xms         delay.o
    0x08009a44   0x08009a44   0x00000018   Code   RO         5344    i.fabs              m_wm.l(fabs.o)
    0x08009a5c   0x08009a5c   0x00000064   Code   RO         4870    i.gimbal_task       gimbal_task.o
    0x08009ac0   0x08009ac0   0x00000030   Code   RO         4871    i.gimbal_task_create  gimbal_task.o
    0x08009af0   0x08009af0   0x00000022   Code   RO         4914    i.imu_task          imu_task.o
    0x08009b12   0x08009b12   0x00000002   PAD
    0x08009b14   0x08009b14   0x00000030   Code   RO         4915    i.imu_task_create   imu_task.o
    0x08009b44   0x08009b44   0x00000034   Code   RO         1031    i.inv_sqrt          imu.o
    0x08009b78   0x08009b78   0x00000060   Code   RO         4943    i.led_task          led_task.o
    0x08009bd8   0x08009bd8   0x0000002c   Code   RO         4944    i.led_task_create   led_task.o
    0x08009c04   0x08009c04   0x0000001c   Code   RO            4    i.main              main.o
    0x08009c20   0x08009c20   0x000000a0   Code   RO         4979    i.mode_task         mode_task.o
    0x08009cc0   0x08009cc0   0x00000030   Code   RO         4980    i.mode_task_create  mode_task.o
    0x08009cf0   0x08009cf0   0x0000001a   Code   RO         5044    i.nuc_task          nuc_task.o
    0x08009d0a   0x08009d0a   0x00000002   PAD
    0x08009d0c   0x08009d0c   0x00000030   Code   RO         5045    i.nuc_task_create   nuc_task.o
    0x08009d3c   0x08009d3c   0x00000098   Code   RO         4095    i.prvAddCurrentTaskToDelayedList  tasks.o
    0x08009dd4   0x08009dd4   0x000000b8   Code   RO         4096    i.prvAddNewTaskToReadyList  tasks.o
    0x08009e8c   0x08009e8c   0x00000064   Code   RO         4438    i.prvCheckForValidListAndQueue  timers.o
    0x08009ef0   0x08009ef0   0x00000064   Code   RO         4097    i.prvCheckTasksWaitingTermination  tasks.o
    0x08009f54   0x08009f54   0x0000002a   Code   RO         3897    i.prvCopyDataFromQueue  queue.o
    0x08009f7e   0x08009f7e   0x0000007c   Code   RO         3898    i.prvCopyDataToQueue  queue.o
    0x08009ffa   0x08009ffa   0x00000012   Code   RO         4098    i.prvDeleteTCB      tasks.o
    0x0800a00c   0x0800a00c   0x00000028   Code   RO         4439    i.prvGetNextExpireTime  timers.o
    0x0800a034   0x0800a034   0x0000007c   Code   RO         4657    i.prvHeapInit       heap_4.o
    0x0800a0b0   0x0800a0b0   0x00000028   Code   RO         4099    i.prvIdleTask       tasks.o
    0x0800a0d8   0x0800a0d8   0x0000002a   Code   RO         3900    i.prvInitialiseNewQueue  queue.o
    0x0800a102   0x0800a102   0x000000b4   Code   RO         4100    i.prvInitialiseNewTask  tasks.o
    0x0800a1b6   0x0800a1b6   0x00000002   PAD
    0x0800a1b8   0x0800a1b8   0x00000068   Code   RO         4101    i.prvInitialiseTaskLists  tasks.o
    0x0800a220   0x0800a220   0x00000068   Code   RO         4658    i.prvInsertBlockIntoFreeList  heap_4.o
    0x0800a288   0x0800a288   0x00000058   Code   RO         4441    i.prvInsertTimerInActiveList  timers.o
    0x0800a2e0   0x0800a2e0   0x0000001a   Code   RO         3901    i.prvIsQueueEmpty   queue.o
    0x0800a2fa   0x0800a2fa   0x0000001e   Code   RO         3902    i.prvIsQueueFull    queue.o
    0x0800a318   0x0800a318   0x00000064   Code   RO         4442    i.prvProcessExpiredTimer  timers.o
    0x0800a37c   0x0800a37c   0x00000124   Code   RO         4443    i.prvProcessReceivedCommands  timers.o
    0x0800a4a0   0x0800a4a0   0x00000074   Code   RO         4444    i.prvProcessTimerOrBlockTask  timers.o
    0x0800a514   0x0800a514   0x00000034   Code   RO         4103    i.prvResetNextTaskUnblockTime  tasks.o
    0x0800a548   0x0800a548   0x0000002c   Code   RO         4445    i.prvSampleTimeNow  timers.o
    0x0800a574   0x0800a574   0x000000a0   Code   RO         4446    i.prvSwitchTimerLists  timers.o
    0x0800a614   0x0800a614   0x00000040   Code   RO         4581    i.prvTaskExitError  port.o
    0x0800a654   0x0800a654   0x0000001e   Code   RO         3762    i.prvTestWaitCondition  event_groups.o
    0x0800a672   0x0800a672   0x0000001a   Code   RO         4447    i.prvTimerTask      timers.o
    0x0800a68c   0x0800a68c   0x0000007e   Code   RO         3903    i.prvUnlockQueue    queue.o
    0x0800a70a   0x0800a70a   0x00000002   PAD
    0x0800a70c   0x0800a70c   0x0000013c   Code   RO         4659    i.pvPortMalloc      heap_4.o
    0x0800a848   0x0800a848   0x00000020   Code   RO         4106    i.pvTaskIncrementMutexHeldCount  tasks.o
    0x0800a868   0x0800a868   0x0000002c   Code   RO         4582    i.pxPortInitialiseStack  port.o
    0x0800a894   0x0800a894   0x00000040   Code   RO         5205    i.ramp_calc         ramp.o
    0x0800a8d4   0x0800a8d4   0x00000008   Code   RO         5206    i.ramp_init         ramp.o
    0x0800a8dc   0x0800a8dc   0x000000a8   Code   RO         1341    i.referee_data_pack_handle  referee.o
    0x0800a984   0x0800a984   0x00000048   Code   RO         5076    i.shoot_task        shoot_task.o
    0x0800a9cc   0x0800a9cc   0x0000002c   Code   RO         5077    i.shoot_task_create  shoot_task.o
    0x0800a9f8   0x0800a9f8   0x0000006e   Code   RO         5362    i.sqrt              m_wm.l(sqrt.o)
    0x0800aa66   0x0800aa66   0x00000002   PAD
    0x0800aa68   0x0800aa68   0x0000004c   Code   RO         4716    i.start_task        task_init.o
    0x0800aab4   0x0800aab4   0x00000030   Code   RO         4717    i.start_task_create  task_init.o
    0x0800aae4   0x0800aae4   0x00000024   Code   RO         5121    i.supercap_task     supercap_task.o
    0x0800ab08   0x0800ab08   0x00000030   Code   RO         5122    i.supercap_task_create  supercap_task.o
    0x0800ab38   0x0800ab38   0x0000000e   Code   RO         5150    i.ui_task           ui_task.o
    0x0800ab46   0x0800ab46   0x00000002   PAD
    0x0800ab48   0x0800ab48   0x00000028   Code   RO         5151    i.ui_task_create    ui_task.o
    0x0800ab70   0x0800ab70   0x00000028   Code   RO         3860    i.uxListRemove      list.o
    0x0800ab98   0x0800ab98   0x0000001c   Code   RO         4114    i.uxTaskResetEventItemValue  tasks.o
    0x0800abb4   0x0800abb4   0x0000001a   Code   RO         3861    i.vListInitialise   list.o
    0x0800abce   0x0800abce   0x00000006   Code   RO         3862    i.vListInitialiseItem  list.o
    0x0800abd4   0x0800abd4   0x00000034   Code   RO         3863    i.vListInsert       list.o
    0x0800ac08   0x0800ac08   0x00000018   Code   RO         3864    i.vListInsertEnd    list.o
    0x0800ac20   0x0800ac20   0x00000054   Code   RO         4584    i.vPortEnterCritical  port.o
    0x0800ac74   0x0800ac74   0x0000003c   Code   RO         4585    i.vPortExitCritical  port.o
    0x0800acb0   0x0800acb0   0x00000094   Code   RO         4660    i.vPortFree         heap_4.o
    0x0800ad44   0x0800ad44   0x00000020   Code   RO         4586    i.vPortSetupTimerInterrupt  port.o
    0x0800ad64   0x0800ad64   0x00000078   Code   RO         4587    i.vPortValidateInterruptPriority  port.o
    0x0800addc   0x0800addc   0x0000002c   Code   RO         3909    i.vQueueAddToRegistry  queue.o
    0x0800ae08   0x0800ae08   0x0000004a   Code   RO         3913    i.vQueueWaitForMessageRestricted  queue.o
    0x0800ae52   0x0800ae52   0x00000002   PAD
    0x0800ae54   0x0800ae54   0x0000005c   Code   RO         4115    i.vTaskDelay        tasks.o
    0x0800aeb0   0x0800aeb0   0x000000d4   Code   RO         4116    i.vTaskDelayUntil   tasks.o
    0x0800af84   0x0800af84   0x000000f4   Code   RO         4117    i.vTaskDelete       tasks.o
    0x0800b078   0x0800b078   0x0000000c   Code   RO         4120    i.vTaskMissedYield  tasks.o
    0x0800b084   0x0800b084   0x00000038   Code   RO         4122    i.vTaskPlaceOnEventList  tasks.o
    0x0800b0bc   0x0800b0bc   0x00000040   Code   RO         4123    i.vTaskPlaceOnEventListRestricted  tasks.o
    0x0800b0fc   0x0800b0fc   0x0000006c   Code   RO         4124    i.vTaskPlaceOnUnorderedEventList  tasks.o
    0x0800b168   0x0800b168   0x000000b0   Code   RO         4125    i.vTaskPriorityInherit  tasks.o
    0x0800b218   0x0800b218   0x00000030   Code   RO         4129    i.vTaskSetTimeOutState  tasks.o
    0x0800b248   0x0800b248   0x00000094   Code   RO         4130    i.vTaskStartScheduler  tasks.o
    0x0800b2dc   0x0800b2dc   0x00000010   Code   RO         4132    i.vTaskSuspendAll   tasks.o
    0x0800b2ec   0x0800b2ec   0x0000008c   Code   RO         4133    i.vTaskSwitchContext  tasks.o
    0x0800b378   0x0800b378   0x0000001a   Code   RO         3769    i.xEventGroupCreate  event_groups.o
    0x0800b392   0x0800b392   0x000000ce   Code   RO         3771    i.xEventGroupSetBits  event_groups.o
    0x0800b460   0x0800b460   0x00000154   Code   RO         3774    i.xEventGroupWaitBits  event_groups.o
    0x0800b5b4   0x0800b5b4   0x0000013c   Code   RO         4588    i.xPortStartScheduler  port.o
    0x0800b6f0   0x0800b6f0   0x00000034   Code   RO         4589    i.xPortSysTickHandler  port.o
    0x0800b724   0x0800b724   0x00000058   Code   RO         3916    i.xQueueGenericCreate  queue.o
    0x0800b77c   0x0800b77c   0x000001c4   Code   RO         3917    i.xQueueGenericReceive  queue.o
    0x0800b940   0x0800b940   0x00000098   Code   RO         3918    i.xQueueGenericReset  queue.o
    0x0800b9d8   0x0800b9d8   0x000001a8   Code   RO         3919    i.xQueueGenericSend  queue.o
    0x0800bb80   0x0800bb80   0x000000f8   Code   RO         3920    i.xQueueGenericSendFromISR  queue.o
    0x0800bc78   0x0800bc78   0x0000008c   Code   RO         4134    i.xTaskCheckForTimeOut  tasks.o
    0x0800bd04   0x0800bd04   0x00000060   Code   RO         4135    i.xTaskCreate       tasks.o
    0x0800bd64   0x0800bd64   0x00000020   Code   RO         4139    i.xTaskGetSchedulerState  tasks.o
    0x0800bd84   0x0800bd84   0x0000000c   Code   RO         4140    i.xTaskGetTickCount  tasks.o
    0x0800bd90   0x0800bd90   0x00000148   Code   RO         4142    i.xTaskIncrementTick  tasks.o
    0x0800bed8   0x0800bed8   0x000000c8   Code   RO         4145    i.xTaskPriorityDisinherit  tasks.o
    0x0800bfa0   0x0800bfa0   0x00000098   Code   RO         4146    i.xTaskRemoveFromEventList  tasks.o
    0x0800c038   0x0800c038   0x000000b0   Code   RO         4147    i.xTaskRemoveFromUnorderedEventList  tasks.o
    0x0800c0e8   0x0800c0e8   0x00000104   Code   RO         4148    i.xTaskResumeAll    tasks.o
    0x0800c1ec   0x0800c1ec   0x00000058   Code   RO         4451    i.xTimerCreateTimerTask  timers.o
    0x0800c244   0x0800c244   0x00000084   Code   RO         4452    i.xTimerGenericCommand  timers.o
    0x0800c2c8   0x0800c2c8   0x0000002c   Code   RO         5509    locale$$code        c_w.l(lc_numeric_c.o)
    0x0800c2f4   0x0800c2f4   0x00000018   Code   RO         5388    x$fpl$basic         fz_wm.l(basic.o)
    0x0800c30c   0x0800c30c   0x00000062   Code   RO         5276    x$fpl$d2f           fz_wm.l(d2f.o)
    0x0800c36e   0x0800c36e   0x00000002   PAD
    0x0800c370   0x0800c370   0x00000150   Code   RO         5278    x$fpl$dadd          fz_wm.l(daddsub_clz.o)
    0x0800c4c0   0x0800c4c0   0x00000018   Code   RO         5390    x$fpl$dcmpinf       fz_wm.l(dcmpi.o)
    0x0800c4d8   0x0800c4d8   0x000002b0   Code   RO         5285    x$fpl$ddiv          fz_wm.l(ddiv.o)
    0x0800c788   0x0800c788   0x00000078   Code   RO         5392    x$fpl$deqf          fz_wm.l(deqf.o)
    0x0800c800   0x0800c800   0x0000005e   Code   RO         5511    x$fpl$dfix          fz_wm.l(dfix.o)
    0x0800c85e   0x0800c85e   0x0000002e   Code   RO         5289    x$fpl$dflt          fz_wm.l(dflt_clz.o)
    0x0800c88c   0x0800c88c   0x00000026   Code   RO         5288    x$fpl$dfltu         fz_wm.l(dflt_clz.o)
    0x0800c8b2   0x0800c8b2   0x00000002   PAD
    0x0800c8b4   0x0800c8b4   0x00000078   Code   RO         5294    x$fpl$dleqf         fz_wm.l(dleqf.o)
    0x0800c92c   0x0800c92c   0x00000154   Code   RO         5296    x$fpl$dmul          fz_wm.l(dmul.o)
    0x0800ca80   0x0800ca80   0x0000009c   Code   RO         5394    x$fpl$dnaninf       fz_wm.l(dnaninf.o)
    0x0800cb1c   0x0800cb1c   0x0000000c   Code   RO         5396    x$fpl$dretinf       fz_wm.l(dretinf.o)
    0x0800cb28   0x0800cb28   0x0000006c   Code   RO         5298    x$fpl$drleqf        fz_wm.l(drleqf.o)
    0x0800cb94   0x0800cb94   0x00000016   Code   RO         5279    x$fpl$drsb          fz_wm.l(daddsub_clz.o)
    0x0800cbaa   0x0800cbaa   0x00000002   PAD
    0x0800cbac   0x0800cbac   0x00000198   Code   RO         5398    x$fpl$dsqrt         fz_wm.l(dsqrt_umaal.o)
    0x0800cd44   0x0800cd44   0x000001d4   Code   RO         5280    x$fpl$dsub          fz_wm.l(daddsub_clz.o)
    0x0800cf18   0x0800cf18   0x00000056   Code   RO         5300    x$fpl$f2d           fz_wm.l(f2d.o)
    0x0800cf6e   0x0800cf6e   0x0000008c   Code   RO         5400    x$fpl$fnaninf       fz_wm.l(fnaninf.o)
    0x0800cffa   0x0800cffa   0x0000000a   Code   RO         5581    x$fpl$fpinit        fz_wm.l(fpinit.o)
    0x0800d004   0x0800d004   0x0000000a   Code   RO         5402    x$fpl$fretinf       fz_wm.l(fretinf.o)
    0x0800d00e   0x0800d00e   0x00000004   Code   RO         5302    x$fpl$printf1       fz_wm.l(printf1.o)
    0x0800d012   0x0800d012   0x00000000   Code   RO         5404    x$fpl$usenofp       fz_wm.l(usenofp.o)
    0x0800d012   0x0800d012   0x00000302   Data   RO          794    .constdata          crc.o
    0x0800d314   0x0800d314   0x00000004   PAD
    0x0800d318   0x0800d318   0x00000050   Data   RO         5307    .constdata          m_wm.l(asin.o)
    0x0800d368   0x0800d368   0x00000098   Data   RO         5408    .constdata          m_wm.l(atan.o)
    0x0800d400   0x0800d400   0x00000030   Data   RO         5420    .constdata          m_wm.l(cos_i.o)
    0x0800d430   0x0800d430   0x00000008   Data   RO         5440    .constdata          m_wm.l(qnan.o)
    0x0800d438   0x0800d438   0x000000c8   Data   RO         5443    .constdata          m_wm.l(rred.o)
    0x0800d500   0x0800d500   0x00000028   Data   RO         5447    .constdata          m_wm.l(sin_i.o)
    0x0800d528   0x0800d528   0x00000094   Data   RO         5484    .constdata          c_w.l(bigflt0.o)
    0x0800d5bc   0x0800d5bc   0x00000020   Data   RO         5654    Region$$Table       anon$$obj.o
    0x0800d5dc   0x0800d5dc   0x0000001c   Data   RO         5508    locale$$data        c_w.l(lc_numeric_c.o)


    Execution Region RW_IRAM1 (Exec base: 0x20000000, Load base: 0x0800d5f8, Size: 0x00014ba0, Max: 0x00020000, ABSOLUTE, COMPRESSED[0x00000078])

    Exec Addr    Load Addr    Size         Type   Attr      Idx    E Section Name        Object

    0x20000000   COMPRESSED   0x00000014   Data   RW          417    .data               system_stm32f4xx.o
    0x20000014   COMPRESSED   0x0000002c   Data   RW          519    .data               bmi088driver.o
    0x20000040   COMPRESSED   0x00000024   Data   RW          658    .data               can_handle.o
    0x20000064   COMPRESSED   0x00000002   Data   RW          795    .data               crc.o
    0x20000066   COMPRESSED   0x00000002   PAD
    0x20000068   COMPRESSED   0x00000009   Data   RW          850    .data               custom_ui.o
    0x20000071   COMPRESSED   0x00000003   PAD
    0x20000074   COMPRESSED   0x00000004   Data   RW          913    .data               dr16.o
    0x20000078   COMPRESSED   0x00000008   Data   RW          969    .data               gimbal.o
    0x20000080   COMPRESSED   0x0000005e   Data   RW         1034    .data               imu.o
    0x200000de   COMPRESSED   0x00000002   PAD
    0x200000e0   COMPRESSED   0x0000000c   Data   RW         1236    .data               nuc.o
    0x200000ec   COMPRESSED   0x00000001   Data   RW         1343    .data               referee.o
    0x200000ed   COMPRESSED   0x0000000e   Data   RW         1401    .data               referee_info.o
    0x200000fb   COMPRESSED   0x00000001   PAD
    0x200000fc   COMPRESSED   0x00000010   Data   RW         1494    .data               tim6.o
    0x2000010c   COMPRESSED   0x00000004   Data   RW         1593    .data               delay.o
    0x20000110   COMPRESSED   0x00000010   Data   RW         2240    .data               stm32f4xx_rcc.o
    0x20000120   COMPRESSED   0x0000003c   Data   RW         4151    .data               tasks.o
    0x2000015c   COMPRESSED   0x00000014   Data   RW         4460    .data               timers.o
    0x20000170   COMPRESSED   0x0000000c   Data   RW         4590    .data               port.o
    0x2000017c   COMPRESSED   0x00000018   Data   RW         4665    .data               heap_4.o
    0x20000194   COMPRESSED   0x00000008   Data   RW         4718    .data               task_init.o
    0x2000019c   COMPRESSED   0x00000004   Data   RW         4755    .data               can_send_task.o
    0x200001a0   COMPRESSED   0x00000028   Data   RW         4794    .data               chassis_task.o
    0x200001c8   COMPRESSED   0x00000018   Data   RW         4872    .data               gimbal_task.o
    0x200001e0   COMPRESSED   0x00000004   Data   RW         4916    .data               imu_task.o
    0x200001e4   COMPRESSED   0x00000004   Data   RW         4945    .data               led_task.o
    0x200001e8   COMPRESSED   0x000000c0   Data   RW         4981    .data               mode_task.o
    0x200002a8   COMPRESSED   0x00000004   Data   RW         5046    .data               nuc_task.o
    0x200002ac   COMPRESSED   0x0000001c   Data   RW         5078    .data               shoot_task.o
    0x200002c8   COMPRESSED   0x00000004   Data   RW         5123    .data               supercap_task.o
    0x200002cc   COMPRESSED   0x00000004   Data   RW         5152    .data               ui_task.o
    0x200002d0        -       0x00000150   Zero   RW          657    .bss                can_handle.o
    0x20000420        -       0x000002e2   Zero   RW          849    .bss                custom_ui.o
    0x20000702        -       0x0000006c   Zero   RW          912    .bss                dr16.o
    0x2000076e   COMPRESSED   0x00000002   PAD
    0x20000770        -       0x00000010   Zero   RW          968    .bss                gimbal.o
    0x20000780        -       0x00000064   Zero   RW         1032    .bss                imu.o
    0x200007e4        -       0x00000028   Zero   RW         1235    .bss                nuc.o
    0x2000080c        -       0x000006e0   Zero   RW         1300    .bss                pid.o
    0x20000eec        -       0x000008c8   Zero   RW         1342    .bss                referee.o
    0x200017b4        -       0x0000002b   Zero   RW         1400    .bss                referee_info.o
    0x200017df   COMPRESSED   0x00000001   PAD
    0x200017e0        -       0x00000040   Zero   RW         3928    .bss                queue.o
    0x20001820        -       0x000000c8   Zero   RW         4150    .bss                tasks.o
    0x200018e8        -       0x00000028   Zero   RW         4459    .bss                timers.o
    0x20001910        -       0x00012c00   Zero   RW         4664    .bss                heap_4.o
    0x20014510        -       0x0000002c   Zero   RW         4793    .bss                chassis_task.o
    0x2001453c        -       0x00000060   Zero   RW         5518    .bss                c_w.l(libspace.o)
    0x2001459c   COMPRESSED   0x00000004   PAD
    0x200145a0        -       0x00000200   Zero   RW         4707    HEAP                startup_stm32f40_41xxx.o
    0x200147a0        -       0x00000400   Zero   RW         4706    STACK               startup_stm32f40_41xxx.o


==============================================================================

Image component sizes


      Code (inc. data)   RO Data    RW Data    ZI Data      Debug   Object Name

       176         12          0          0          0       2556   beep.o
       320         12          0          0          0        722   bmi088.o
      1552         54          0         44          0       9138   bmi088driver.o
       592         16          0          0          0       1993   can.o
      2084        224          0         36        336       9664   can_handle.o
       132         32          0          4          0       1303   can_send_task.o
       180         42          0          0          0        539   chassis.o
      2568        316          0         40         44       7957   chassis_task.o
       192         14          0          0          0       1138   cover.o
       286         18        770          2          0       4574   crc.o
      3300        600          0          9        738       9967   custom_ui.o
       248         20          0          4          0       2921   delay.o
       698         50          0          4        108       5741   dr16.o
       602          6          0          0          0      13003   event_groups.o
       350         50          0          0          0       2943   flash.o
      1130        104          0          8         16       3821   gimbal.o
      1196        162          0         24          0       3366   gimbal_task.o
       692         62          0         24      76800       4231   heap_4.o
      2496        180          0         94        100       9342   imu.o
        82         22          0          4          0       1476   imu_task.o
        60          6          0          0          0        505   laser.o
        80         12          0          0          0        937   led.o
       140         20          0          4          0       1232   led_task.o
       148          0          0          0          0       3058   list.o
        92          0          0          0          0     336074   main.o
       180         24          0          0          0       1961   misc.o
      1568        228          0        192          0       6534   mode_task.o
      1236        120          0         12         40       6499   nuc.o
        74         22          0          4          0       1468   nuc_task.o
       750         10          0          0       1760       3867   pid.o
       954         92          0         12          0      11093   port.o
      1872         22          0          0         64      15533   queue.o
        72          6          0          0          0       1264   ramp.o
      1042         60          0          1       2248       5856   referee.o
       170         28          0         14         43       5701   referee_info.o
       232         32          0          0          0        554   rudder.o
       304         38          0          0          0        477   shoot.o
      1008        150          0         28          0       3170   shoot_task.o
        64         26        392          0       1536        816   startup_stm32f40_41xxx.o
      1654         22          0          0          0       7224   stm32f4xx_can.o
       742         58          0          0          0       7833   stm32f4xx_dma.o
        36         10          0          0          0       1080   stm32f4xx_exti.o
       426         40          0          0          0       4272   stm32f4xx_flash.o
       230          0          0          0          0       3261   stm32f4xx_gpio.o
        20          0          0          0          0       2553   stm32f4xx_it.o
       392         48          0         16          0       5565   stm32f4xx_rcc.o
       112          0          0          0          0       3318   stm32f4xx_spi.o
       588         48          0          0          0       7168   stm32f4xx_tim.o
       474          8          0          0          0       6374   stm32f4xx_usart.o
        84         28          0          4          0       1535   supercap_task.o
       340         32          0         20          0       1641   system_stm32f4xx.o
       132         28          0          8          0       1727   task_init.o
      3602        456          0         60        200      25774   tasks.o
       364         50          0         16          0       1480   tim6.o
      1186        116          0         20         40      17055   timers.o
        54         16          0          4          0       1129   ui_task.o
         4          0          0          0          0        468   usart.o

    ----------------------------------------------------------------------
     39406       3852       1198        720      84076     602451   Object Totals
         0          0         32          0          0          0   (incl. Generated)
        44          0          4          8          3          0   (incl. Padding)

    ----------------------------------------------------------------------

      Code (inc. data)   RO Data    RW Data    ZI Data      Debug   Library Member Name

        90          0          0          0          0          0   __dczerorl2.o
         8          0          0          0          0         68   __main.o
       284          0          0          0          0        156   __printf_wp.o
         0          0          0          0          0          0   __rtentry.o
        12          0          0          0          0          0   __rtentry2.o
         6          0          0          0          0          0   __rtentry4.o
        52          8          0          0          0          0   __scatter.o
        28          0          0          0          0          0   __scatter_zi.o
        48          6          0          0          0         96   _printf_char_common.o
         6          0          0          0          0          0   _printf_d.o
       120         16          0          0          0         92   _printf_dec.o
         6          0          0          0          0          0   _printf_f.o
      1054          0          0          0          0        216   _printf_fp_dec.o
       128         16          0          0          0         84   _printf_fp_infnan.o
       178          0          0          0          0         88   _printf_intcommon.o
         0          0          0          0          0          0   _printf_percent.o
         4          0          0          0          0          0   _printf_percent_end.o
        22          0          0          0          0        100   _rserrno.o
        10          0          0          0          0         68   _sputc.o
        16          0          0          0          0         68   aeabi_memset.o
       228          4        148          0          0         96   bigflt0.o
      1936        128          0          0          0        672   btod.o
        18          0          0          0          0         80   exit.o
         6          0          0          0          0        152   heapauxi.o
        44         10         28          0          0         76   lc_numeric_c.o
         2          0          0          0          0          0   libinit.o
        22          0          0          0          0          0   libinit2.o
         2          0          0          0          0          0   libshutdown.o
         2          0          0          0          0          0   libshutdown2.o
         8          4          0          0         96         68   libspace.o
       138          0          0          0          0         80   lludiv10.o
        40          6          0          0          0         84   noretval__2sprintf.o
         8          4          0          0          0         68   rt_errno_addr_intlibspace.o
         8          4          0          0          0         68   rt_locale_intlibspace.o
        68          0          0          0          0         68   rt_memclr.o
        78          0          0          0          0         80   rt_memclr_w.o
       138          0          0          0          0         68   rt_memcpy_v6.o
       100          0          0          0          0         80   rt_memcpy_w.o
         2          0          0          0          0          0   rtexit.o
        10          0          0          0          0          0   rtexit2.o
       128          0          0          0          0         68   strcmpv7m.o
        74          0          0          0          0         80   sys_stackheap_outer.o
         2          0          0          0          0         68   use_no_semi.o
         2          0          0          0          0         68   use_no_semi_2.o
        24          0          0          0          0        164   basic.o
        98          4          0          0          0        140   d2f.o
       826         16          0          0          0        492   daddsub_clz.o
        24          0          0          0          0        116   dcmpi.o
       688        140          0          0          0        256   ddiv.o
       120          4          0          0          0        140   deqf.o
        94          4          0          0          0        140   dfix.o
        84          0          0          0          0        232   dflt_clz.o
       120          4          0          0          0        140   dleqf.o
       340         12          0          0          0        152   dmul.o
       156          4          0          0          0        140   dnaninf.o
        12          0          0          0          0        116   dretinf.o
       108          0          0          0          0        128   drleqf.o
       408         56          0          0          0        168   dsqrt_umaal.o
        86          4          0          0          0        132   f2d.o
       140          4          0          0          0        132   fnaninf.o
        10          0          0          0          0        116   fpinit.o
        10          0          0          0          0        116   fretinf.o
         4          0          0          0          0        116   printf1.o
         0          0          0          0          0          0   usenofp.o
       864         94         80          0          0        280   asin.o
       744        106        152          0          0        352   atan.o
       512         64          0          0          0        208   atan2.o
       200         20          0          0          0        164   cos.o
       368         46         48          0          0        200   cos_i.o
       104         16          0          0          0        496   dunder.o
        44          0          0          0          0        248   fabs.o
        48          0          0          0          0        124   fpclassify.o
       248          0          0          0          0        152   poly.o
         0          0          8          0          0          0   qnan.o
      1080        142        200          0          0        188   rred.o
       200         20          0          0          0        164   sin.o
       304         24         40          0          0        208   sin_i.o
       232          0          0          0          0        296   sqrt.o

    ----------------------------------------------------------------------
     13468        990        704          0        100       9276   Library Totals
        32          0          0          0          4          0   (incl. Padding)

    ----------------------------------------------------------------------

      Code (inc. data)   RO Data    RW Data    ZI Data      Debug   Library Name

      5136        206        176          0         96       3060   c_w.l
      3352        252          0          0          0       3136   fz_wm.l
      4948        532        528          0          0       3080   m_wm.l

    ----------------------------------------------------------------------
     13468        990        704          0        100       9276   Library Totals

    ----------------------------------------------------------------------

==============================================================================


      Code (inc. data)   RO Data    RW Data    ZI Data      Debug   

     52874       4842       1902        720      84176     577311   Grand Totals
     52874       4842       1902        120      84176     577311   ELF Image Totals (compressed)
     52874       4842       1902        120          0          0   ROM Totals

==============================================================================

    Total RO  Size (Code + RO Data)                54776 (  53.49kB)
    Total RW  Size (RW Data + ZI Data)             84896 (  82.91kB)
    Total ROM Size (Code + RO Data + RW Data)      54896 (  53.61kB)

==============================================================================

